[0.124s] DEBUG:colcon:Command line arguments: ['/usr/bin/colcon', 'build']
[0.124s] DEBUG:colcon:Parsed command line arguments: Namespace(log_base=None, log_level=None, verb_name='build', build_base='build', install_base='install', merge_install=False, symlink_install=False, test_result_base=None, continue_on_error=False, executor='parallel', parallel_workers=12, event_handlers=None, ignore_user_meta=False, metas=['./colcon.meta'], base_paths=['.'], packages_ignore=None, packages_ignore_regex=None, paths=None, packages_up_to=None, packages_up_to_regex=None, packages_above=None, packages_above_and_dependencies=None, packages_above_depth=None, packages_select_by_dep=None, packages_skip_by_dep=None, packages_skip_up_to=None, packages_select_build_failed=False, packages_skip_build_finished=False, packages_select_test_failures=False, packages_skip_test_passed=False, packages_select=None, packages_skip=None, packages_select_regex=None, packages_skip_regex=None, packages_start=None, packages_end=None, allow_overriding=[], cmake_args=None, cmake_target=None, cmake_target_skip_unavailable=False, cmake_clean_cache=False, cmake_clean_first=False, cmake_force_configure=False, ament_cmake_args=None, catkin_cmake_args=None, catkin_skip_building_tests=False, mixin_files=None, mixin=None, verb_parser=<colcon_mixin.mixin.mixin_argument.MixinArgumentDecorator object at 0x7890d30ae180>, verb_extension=<colcon_core.verb.build.BuildVerb object at 0x7890d30add90>, main=<bound method BuildVerb.main of <colcon_core.verb.build.BuildVerb object at 0x7890d30add90>>, mixin_verb=('build',))
[0.169s] Level 1:colcon.colcon_core.package_discovery:discover_packages(colcon_meta) check parameters
[0.169s] Level 1:colcon.colcon_core.package_discovery:discover_packages(recursive) check parameters
[0.169s] Level 1:colcon.colcon_core.package_discovery:discover_packages(ignore) check parameters
[0.169s] Level 1:colcon.colcon_core.package_discovery:discover_packages(path) check parameters
[0.169s] Level 1:colcon.colcon_core.package_discovery:discover_packages(colcon_meta) discover
[0.170s] Level 1:colcon.colcon_core.package_discovery:discover_packages(recursive) discover
[0.170s] INFO:colcon.colcon_core.package_discovery:Crawling recursively for packages in '/home/sachin/ros2_RSSI_Heatmap/rosbot-wifi-heatmap-sim'
[0.170s] Level 1:colcon.colcon_core.package_identification:_identify(.) by extensions ['ignore', 'ignore_ament_install']
[0.170s] Level 1:colcon.colcon_core.package_identification:_identify(.) by extension 'ignore'
[0.170s] Level 1:colcon.colcon_core.package_identification:_identify(.) by extension 'ignore_ament_install'
[0.170s] Level 1:colcon.colcon_core.package_identification:_identify(.) by extensions ['colcon_pkg']
[0.170s] Level 1:colcon.colcon_core.package_identification:_identify(.) by extension 'colcon_pkg'
[0.170s] Level 1:colcon.colcon_core.package_identification:_identify(.) by extensions ['colcon_meta']
[0.170s] Level 1:colcon.colcon_core.package_identification:_identify(.) by extension 'colcon_meta'
[0.170s] Level 1:colcon.colcon_core.package_identification:_identify(.) by extensions ['ros']
[0.170s] Level 1:colcon.colcon_core.package_identification:_identify(.) by extension 'ros'
[0.201s] Level 1:colcon.colcon_core.package_identification:_identify(.) by extensions ['cmake', 'python']
[0.201s] Level 1:colcon.colcon_core.package_identification:_identify(.) by extension 'cmake'
[0.201s] Level 1:colcon.colcon_core.package_identification:_identify(.) by extension 'python'
[0.201s] Level 1:colcon.colcon_core.package_identification:_identify(.) by extensions ['python_setup_py']
[0.201s] Level 1:colcon.colcon_core.package_identification:_identify(.) by extension 'python_setup_py'
[0.201s] Level 1:colcon.colcon_core.package_identification:_identify(build) by extensions ['ignore', 'ignore_ament_install']
[0.201s] Level 1:colcon.colcon_core.package_identification:_identify(build) by extension 'ignore'
[0.201s] Level 1:colcon.colcon_core.package_identification:_identify(build) ignored
[0.202s] Level 1:colcon.colcon_core.package_identification:_identify(config) by extensions ['ignore', 'ignore_ament_install']
[0.202s] Level 1:colcon.colcon_core.package_identification:_identify(config) by extension 'ignore'
[0.202s] Level 1:colcon.colcon_core.package_identification:_identify(config) by extension 'ignore_ament_install'
[0.202s] Level 1:colcon.colcon_core.package_identification:_identify(config) by extensions ['colcon_pkg']
[0.202s] Level 1:colcon.colcon_core.package_identification:_identify(config) by extension 'colcon_pkg'
[0.202s] Level 1:colcon.colcon_core.package_identification:_identify(config) by extensions ['colcon_meta']
[0.202s] Level 1:colcon.colcon_core.package_identification:_identify(config) by extension 'colcon_meta'
[0.202s] Level 1:colcon.colcon_core.package_identification:_identify(config) by extensions ['ros']
[0.202s] Level 1:colcon.colcon_core.package_identification:_identify(config) by extension 'ros'
[0.202s] Level 1:colcon.colcon_core.package_identification:_identify(config) by extensions ['cmake', 'python']
[0.202s] Level 1:colcon.colcon_core.package_identification:_identify(config) by extension 'cmake'
[0.202s] Level 1:colcon.colcon_core.package_identification:_identify(config) by extension 'python'
[0.202s] Level 1:colcon.colcon_core.package_identification:_identify(config) by extensions ['python_setup_py']
[0.202s] Level 1:colcon.colcon_core.package_identification:_identify(config) by extension 'python_setup_py'
[0.202s] Level 1:colcon.colcon_core.package_identification:_identify(heatmaps) by extensions ['ignore', 'ignore_ament_install']
[0.202s] Level 1:colcon.colcon_core.package_identification:_identify(heatmaps) by extension 'ignore'
[0.202s] Level 1:colcon.colcon_core.package_identification:_identify(heatmaps) by extension 'ignore_ament_install'
[0.202s] Level 1:colcon.colcon_core.package_identification:_identify(heatmaps) by extensions ['colcon_pkg']
[0.202s] Level 1:colcon.colcon_core.package_identification:_identify(heatmaps) by extension 'colcon_pkg'
[0.202s] Level 1:colcon.colcon_core.package_identification:_identify(heatmaps) by extensions ['colcon_meta']
[0.202s] Level 1:colcon.colcon_core.package_identification:_identify(heatmaps) by extension 'colcon_meta'
[0.202s] Level 1:colcon.colcon_core.package_identification:_identify(heatmaps) by extensions ['ros']
[0.203s] Level 1:colcon.colcon_core.package_identification:_identify(heatmaps) by extension 'ros'
[0.203s] Level 1:colcon.colcon_core.package_identification:_identify(heatmaps) by extensions ['cmake', 'python']
[0.203s] Level 1:colcon.colcon_core.package_identification:_identify(heatmaps) by extension 'cmake'
[0.203s] Level 1:colcon.colcon_core.package_identification:_identify(heatmaps) by extension 'python'
[0.203s] Level 1:colcon.colcon_core.package_identification:_identify(heatmaps) by extensions ['python_setup_py']
[0.203s] Level 1:colcon.colcon_core.package_identification:_identify(heatmaps) by extension 'python_setup_py'
[0.203s] Level 1:colcon.colcon_core.package_identification:_identify(install) by extensions ['ignore', 'ignore_ament_install']
[0.203s] Level 1:colcon.colcon_core.package_identification:_identify(install) by extension 'ignore'
[0.203s] Level 1:colcon.colcon_core.package_identification:_identify(install) ignored
[0.203s] Level 1:colcon.colcon_core.package_identification:_identify(log) by extensions ['ignore', 'ignore_ament_install']
[0.203s] Level 1:colcon.colcon_core.package_identification:_identify(log) by extension 'ignore'
[0.203s] Level 1:colcon.colcon_core.package_identification:_identify(log) ignored
[0.203s] Level 1:colcon.colcon_core.package_identification:_identify(maps) by extensions ['ignore', 'ignore_ament_install']
[0.203s] Level 1:colcon.colcon_core.package_identification:_identify(maps) by extension 'ignore'
[0.203s] Level 1:colcon.colcon_core.package_identification:_identify(maps) by extension 'ignore_ament_install'
[0.203s] Level 1:colcon.colcon_core.package_identification:_identify(maps) by extensions ['colcon_pkg']
[0.203s] Level 1:colcon.colcon_core.package_identification:_identify(maps) by extension 'colcon_pkg'
[0.203s] Level 1:colcon.colcon_core.package_identification:_identify(maps) by extensions ['colcon_meta']
[0.203s] Level 1:colcon.colcon_core.package_identification:_identify(maps) by extension 'colcon_meta'
[0.204s] Level 1:colcon.colcon_core.package_identification:_identify(maps) by extensions ['ros']
[0.204s] Level 1:colcon.colcon_core.package_identification:_identify(maps) by extension 'ros'
[0.204s] Level 1:colcon.colcon_core.package_identification:_identify(maps) by extensions ['cmake', 'python']
[0.204s] Level 1:colcon.colcon_core.package_identification:_identify(maps) by extension 'cmake'
[0.204s] Level 1:colcon.colcon_core.package_identification:_identify(maps) by extension 'python'
[0.204s] Level 1:colcon.colcon_core.package_identification:_identify(maps) by extensions ['python_setup_py']
[0.204s] Level 1:colcon.colcon_core.package_identification:_identify(maps) by extension 'python_setup_py'
[0.204s] Level 1:colcon.colcon_core.package_identification:_identify(src) by extensions ['ignore', 'ignore_ament_install']
[0.204s] Level 1:colcon.colcon_core.package_identification:_identify(src) by extension 'ignore'
[0.204s] Level 1:colcon.colcon_core.package_identification:_identify(src) by extension 'ignore_ament_install'
[0.204s] Level 1:colcon.colcon_core.package_identification:_identify(src) by extensions ['colcon_pkg']
[0.204s] Level 1:colcon.colcon_core.package_identification:_identify(src) by extension 'colcon_pkg'
[0.204s] Level 1:colcon.colcon_core.package_identification:_identify(src) by extensions ['colcon_meta']
[0.204s] Level 1:colcon.colcon_core.package_identification:_identify(src) by extension 'colcon_meta'
[0.204s] Level 1:colcon.colcon_core.package_identification:_identify(src) by extensions ['ros']
[0.204s] Level 1:colcon.colcon_core.package_identification:_identify(src) by extension 'ros'
[0.204s] Level 1:colcon.colcon_core.package_identification:_identify(src) by extensions ['cmake', 'python']
[0.204s] Level 1:colcon.colcon_core.package_identification:_identify(src) by extension 'cmake'
[0.204s] Level 1:colcon.colcon_core.package_identification:_identify(src) by extension 'python'
[0.204s] Level 1:colcon.colcon_core.package_identification:_identify(src) by extensions ['python_setup_py']
[0.204s] Level 1:colcon.colcon_core.package_identification:_identify(src) by extension 'python_setup_py'
[0.204s] Level 1:colcon.colcon_core.package_identification:_identify(src/mappers_bringup) by extensions ['ignore', 'ignore_ament_install']
[0.205s] Level 1:colcon.colcon_core.package_identification:_identify(src/mappers_bringup) by extension 'ignore'
[0.205s] Level 1:colcon.colcon_core.package_identification:_identify(src/mappers_bringup) by extension 'ignore_ament_install'
[0.205s] Level 1:colcon.colcon_core.package_identification:_identify(src/mappers_bringup) by extensions ['colcon_pkg']
[0.205s] Level 1:colcon.colcon_core.package_identification:_identify(src/mappers_bringup) by extension 'colcon_pkg'
[0.205s] Level 1:colcon.colcon_core.package_identification:_identify(src/mappers_bringup) by extensions ['colcon_meta']
[0.205s] Level 1:colcon.colcon_core.package_identification:_identify(src/mappers_bringup) by extension 'colcon_meta'
[0.205s] Level 1:colcon.colcon_core.package_identification:_identify(src/mappers_bringup) by extensions ['ros']
[0.205s] Level 1:colcon.colcon_core.package_identification:_identify(src/mappers_bringup) by extension 'ros'
[0.209s] DEBUG:colcon.colcon_core.package_identification:Package 'src/mappers_bringup' with type 'ros.ament_cmake' and name 'mappers_bringup'
[0.209s] Level 1:colcon.colcon_core.package_identification:_identify(src/nav2_read_rssi_at_waypoint_plugin) by extensions ['ignore', 'ignore_ament_install']
[0.209s] Level 1:colcon.colcon_core.package_identification:_identify(src/nav2_read_rssi_at_waypoint_plugin) by extension 'ignore'
[0.209s] Level 1:colcon.colcon_core.package_identification:_identify(src/nav2_read_rssi_at_waypoint_plugin) by extension 'ignore_ament_install'
[0.209s] Level 1:colcon.colcon_core.package_identification:_identify(src/nav2_read_rssi_at_waypoint_plugin) by extensions ['colcon_pkg']
[0.209s] Level 1:colcon.colcon_core.package_identification:_identify(src/nav2_read_rssi_at_waypoint_plugin) by extension 'colcon_pkg'
[0.209s] Level 1:colcon.colcon_core.package_identification:_identify(src/nav2_read_rssi_at_waypoint_plugin) by extensions ['colcon_meta']
[0.209s] Level 1:colcon.colcon_core.package_identification:_identify(src/nav2_read_rssi_at_waypoint_plugin) by extension 'colcon_meta'
[0.209s] Level 1:colcon.colcon_core.package_identification:_identify(src/nav2_read_rssi_at_waypoint_plugin) by extensions ['ros']
[0.210s] Level 1:colcon.colcon_core.package_identification:_identify(src/nav2_read_rssi_at_waypoint_plugin) by extension 'ros'
[0.211s] DEBUG:colcon.colcon_core.package_identification:Package 'src/nav2_read_rssi_at_waypoint_plugin' with type 'ros.ament_cmake' and name 'nav2_read_rssi_at_waypoint'
[0.211s] Level 1:colcon.colcon_core.package_identification:_identify(src/rosbot_interfaces) by extensions ['ignore', 'ignore_ament_install']
[0.211s] Level 1:colcon.colcon_core.package_identification:_identify(src/rosbot_interfaces) by extension 'ignore'
[0.211s] Level 1:colcon.colcon_core.package_identification:_identify(src/rosbot_interfaces) by extension 'ignore_ament_install'
[0.211s] Level 1:colcon.colcon_core.package_identification:_identify(src/rosbot_interfaces) by extensions ['colcon_pkg']
[0.211s] Level 1:colcon.colcon_core.package_identification:_identify(src/rosbot_interfaces) by extension 'colcon_pkg'
[0.211s] Level 1:colcon.colcon_core.package_identification:_identify(src/rosbot_interfaces) by extensions ['colcon_meta']
[0.211s] Level 1:colcon.colcon_core.package_identification:_identify(src/rosbot_interfaces) by extension 'colcon_meta'
[0.211s] Level 1:colcon.colcon_core.package_identification:_identify(src/rosbot_interfaces) by extensions ['ros']
[0.211s] Level 1:colcon.colcon_core.package_identification:_identify(src/rosbot_interfaces) by extension 'ros'
[0.212s] DEBUG:colcon.colcon_core.package_identification:Package 'src/rosbot_interfaces' with type 'ros.ament_cmake' and name 'rosbot_interfaces'
[0.212s] Level 1:colcon.colcon_core.package_identification:_identify(src/rssi_heatmap_generator_package) by extensions ['ignore', 'ignore_ament_install']
[0.212s] Level 1:colcon.colcon_core.package_identification:_identify(src/rssi_heatmap_generator_package) by extension 'ignore'
[0.212s] Level 1:colcon.colcon_core.package_identification:_identify(src/rssi_heatmap_generator_package) by extension 'ignore_ament_install'
[0.213s] Level 1:colcon.colcon_core.package_identification:_identify(src/rssi_heatmap_generator_package) by extensions ['colcon_pkg']
[0.213s] Level 1:colcon.colcon_core.package_identification:_identify(src/rssi_heatmap_generator_package) by extension 'colcon_pkg'
[0.213s] Level 1:colcon.colcon_core.package_identification:_identify(src/rssi_heatmap_generator_package) by extensions ['colcon_meta']
[0.213s] Level 1:colcon.colcon_core.package_identification:_identify(src/rssi_heatmap_generator_package) by extension 'colcon_meta'
[0.213s] Level 1:colcon.colcon_core.package_identification:_identify(src/rssi_heatmap_generator_package) by extensions ['ros']
[0.213s] Level 1:colcon.colcon_core.package_identification:_identify(src/rssi_heatmap_generator_package) by extension 'ros'
[0.214s] DEBUG:colcon.colcon_core.package_identification:Package 'src/rssi_heatmap_generator_package' with type 'ros.ament_python' and name 'rssi_heatmap_generator_package'
[0.214s] Level 1:colcon.colcon_core.package_identification:_identify(src/waypoint_publisher_package) by extensions ['ignore', 'ignore_ament_install']
[0.214s] Level 1:colcon.colcon_core.package_identification:_identify(src/waypoint_publisher_package) by extension 'ignore'
[0.214s] Level 1:colcon.colcon_core.package_identification:_identify(src/waypoint_publisher_package) by extension 'ignore_ament_install'
[0.214s] Level 1:colcon.colcon_core.package_identification:_identify(src/waypoint_publisher_package) by extensions ['colcon_pkg']
[0.214s] Level 1:colcon.colcon_core.package_identification:_identify(src/waypoint_publisher_package) by extension 'colcon_pkg'
[0.214s] Level 1:colcon.colcon_core.package_identification:_identify(src/waypoint_publisher_package) by extensions ['colcon_meta']
[0.214s] Level 1:colcon.colcon_core.package_identification:_identify(src/waypoint_publisher_package) by extension 'colcon_meta'
[0.214s] Level 1:colcon.colcon_core.package_identification:_identify(src/waypoint_publisher_package) by extensions ['ros']
[0.214s] Level 1:colcon.colcon_core.package_identification:_identify(src/waypoint_publisher_package) by extension 'ros'
[0.215s] DEBUG:colcon.colcon_core.package_identification:Package 'src/waypoint_publisher_package' with type 'ros.ament_python' and name 'waypoint_publisher_package'
[0.215s] Level 1:colcon.colcon_core.package_discovery:discover_packages(recursive) using defaults
[0.215s] Level 1:colcon.colcon_core.package_discovery:discover_packages(ignore) discover
[0.215s] Level 1:colcon.colcon_core.package_discovery:discover_packages(ignore) using defaults
[0.215s] Level 1:colcon.colcon_core.package_discovery:discover_packages(path) discover
[0.215s] Level 1:colcon.colcon_core.package_discovery:discover_packages(path) using defaults
[0.238s] Level 1:colcon.colcon_core.package_discovery:discover_packages(prefix_path) check parameters
[0.238s] Level 1:colcon.colcon_core.package_discovery:discover_packages(prefix_path) discover
[0.242s] DEBUG:colcon.colcon_installed_package_information.package_discovery:Found 544 installed packages in /opt/ros/jazzy
[0.244s] Level 1:colcon.colcon_core.package_discovery:discover_packages(prefix_path) using defaults
[0.327s] Level 5:colcon.colcon_core.verb:set package 'rosbot_interfaces' build argument 'cmake_args' from command line to 'None'
[0.328s] Level 5:colcon.colcon_core.verb:set package 'rosbot_interfaces' build argument 'cmake_target' from command line to 'None'
[0.328s] Level 5:colcon.colcon_core.verb:set package 'rosbot_interfaces' build argument 'cmake_target_skip_unavailable' from command line to 'False'
[0.328s] Level 5:colcon.colcon_core.verb:set package 'rosbot_interfaces' build argument 'cmake_clean_cache' from command line to 'False'
[0.328s] Level 5:colcon.colcon_core.verb:set package 'rosbot_interfaces' build argument 'cmake_clean_first' from command line to 'False'
[0.328s] Level 5:colcon.colcon_core.verb:set package 'rosbot_interfaces' build argument 'cmake_force_configure' from command line to 'False'
[0.328s] Level 5:colcon.colcon_core.verb:set package 'rosbot_interfaces' build argument 'ament_cmake_args' from command line to 'None'
[0.328s] Level 5:colcon.colcon_core.verb:set package 'rosbot_interfaces' build argument 'catkin_cmake_args' from command line to 'None'
[0.328s] Level 5:colcon.colcon_core.verb:set package 'rosbot_interfaces' build argument 'catkin_skip_building_tests' from command line to 'False'
[0.328s] DEBUG:colcon.colcon_core.verb:Building package 'rosbot_interfaces' with the following arguments: {'ament_cmake_args': None, 'build_base': '/home/sachin/ros2_RSSI_Heatmap/rosbot-wifi-heatmap-sim/build/rosbot_interfaces', 'catkin_cmake_args': None, 'catkin_skip_building_tests': False, 'cmake_args': None, 'cmake_clean_cache': False, 'cmake_clean_first': False, 'cmake_force_configure': False, 'cmake_target': None, 'cmake_target_skip_unavailable': False, 'install_base': '/home/sachin/ros2_RSSI_Heatmap/rosbot-wifi-heatmap-sim/install/rosbot_interfaces', 'merge_install': False, 'path': '/home/sachin/ros2_RSSI_Heatmap/rosbot-wifi-heatmap-sim/src/rosbot_interfaces', 'symlink_install': False, 'test_result_base': None}
[0.328s] Level 5:colcon.colcon_core.verb:set package 'waypoint_publisher_package' build argument 'cmake_args' from command line to 'None'
[0.328s] Level 5:colcon.colcon_core.verb:set package 'waypoint_publisher_package' build argument 'cmake_target' from command line to 'None'
[0.328s] Level 5:colcon.colcon_core.verb:set package 'waypoint_publisher_package' build argument 'cmake_target_skip_unavailable' from command line to 'False'
[0.328s] Level 5:colcon.colcon_core.verb:set package 'waypoint_publisher_package' build argument 'cmake_clean_cache' from command line to 'False'
[0.328s] Level 5:colcon.colcon_core.verb:set package 'waypoint_publisher_package' build argument 'cmake_clean_first' from command line to 'False'
[0.328s] Level 5:colcon.colcon_core.verb:set package 'waypoint_publisher_package' build argument 'cmake_force_configure' from command line to 'False'
[0.328s] Level 5:colcon.colcon_core.verb:set package 'waypoint_publisher_package' build argument 'ament_cmake_args' from command line to 'None'
[0.328s] Level 5:colcon.colcon_core.verb:set package 'waypoint_publisher_package' build argument 'catkin_cmake_args' from command line to 'None'
[0.328s] Level 5:colcon.colcon_core.verb:set package 'waypoint_publisher_package' build argument 'catkin_skip_building_tests' from command line to 'False'
[0.328s] DEBUG:colcon.colcon_core.verb:Building package 'waypoint_publisher_package' with the following arguments: {'ament_cmake_args': None, 'build_base': '/home/sachin/ros2_RSSI_Heatmap/rosbot-wifi-heatmap-sim/build/waypoint_publisher_package', 'catkin_cmake_args': None, 'catkin_skip_building_tests': False, 'cmake_args': None, 'cmake_clean_cache': False, 'cmake_clean_first': False, 'cmake_force_configure': False, 'cmake_target': None, 'cmake_target_skip_unavailable': False, 'install_base': '/home/sachin/ros2_RSSI_Heatmap/rosbot-wifi-heatmap-sim/install/waypoint_publisher_package', 'merge_install': False, 'path': '/home/sachin/ros2_RSSI_Heatmap/rosbot-wifi-heatmap-sim/src/waypoint_publisher_package', 'symlink_install': False, 'test_result_base': None}
[0.329s] Level 5:colcon.colcon_core.verb:set package 'nav2_read_rssi_at_waypoint' build argument 'cmake_args' from command line to 'None'
[0.329s] Level 5:colcon.colcon_core.verb:set package 'nav2_read_rssi_at_waypoint' build argument 'cmake_target' from command line to 'None'
[0.329s] Level 5:colcon.colcon_core.verb:set package 'nav2_read_rssi_at_waypoint' build argument 'cmake_target_skip_unavailable' from command line to 'False'
[0.329s] Level 5:colcon.colcon_core.verb:set package 'nav2_read_rssi_at_waypoint' build argument 'cmake_clean_cache' from command line to 'False'
[0.329s] Level 5:colcon.colcon_core.verb:set package 'nav2_read_rssi_at_waypoint' build argument 'cmake_clean_first' from command line to 'False'
[0.329s] Level 5:colcon.colcon_core.verb:set package 'nav2_read_rssi_at_waypoint' build argument 'cmake_force_configure' from command line to 'False'
[0.329s] Level 5:colcon.colcon_core.verb:set package 'nav2_read_rssi_at_waypoint' build argument 'ament_cmake_args' from command line to 'None'
[0.329s] Level 5:colcon.colcon_core.verb:set package 'nav2_read_rssi_at_waypoint' build argument 'catkin_cmake_args' from command line to 'None'
[0.329s] Level 5:colcon.colcon_core.verb:set package 'nav2_read_rssi_at_waypoint' build argument 'catkin_skip_building_tests' from command line to 'False'
[0.329s] DEBUG:colcon.colcon_core.verb:Building package 'nav2_read_rssi_at_waypoint' with the following arguments: {'ament_cmake_args': None, 'build_base': '/home/sachin/ros2_RSSI_Heatmap/rosbot-wifi-heatmap-sim/build/nav2_read_rssi_at_waypoint', 'catkin_cmake_args': None, 'catkin_skip_building_tests': False, 'cmake_args': None, 'cmake_clean_cache': False, 'cmake_clean_first': False, 'cmake_force_configure': False, 'cmake_target': None, 'cmake_target_skip_unavailable': False, 'install_base': '/home/sachin/ros2_RSSI_Heatmap/rosbot-wifi-heatmap-sim/install/nav2_read_rssi_at_waypoint', 'merge_install': False, 'path': '/home/sachin/ros2_RSSI_Heatmap/rosbot-wifi-heatmap-sim/src/nav2_read_rssi_at_waypoint_plugin', 'symlink_install': False, 'test_result_base': None}
[0.329s] Level 5:colcon.colcon_core.verb:set package 'rssi_heatmap_generator_package' build argument 'cmake_args' from command line to 'None'
[0.329s] Level 5:colcon.colcon_core.verb:set package 'rssi_heatmap_generator_package' build argument 'cmake_target' from command line to 'None'
[0.329s] Level 5:colcon.colcon_core.verb:set package 'rssi_heatmap_generator_package' build argument 'cmake_target_skip_unavailable' from command line to 'False'
[0.329s] Level 5:colcon.colcon_core.verb:set package 'rssi_heatmap_generator_package' build argument 'cmake_clean_cache' from command line to 'False'
[0.329s] Level 5:colcon.colcon_core.verb:set package 'rssi_heatmap_generator_package' build argument 'cmake_clean_first' from command line to 'False'
[0.329s] Level 5:colcon.colcon_core.verb:set package 'rssi_heatmap_generator_package' build argument 'cmake_force_configure' from command line to 'False'
[0.329s] Level 5:colcon.colcon_core.verb:set package 'rssi_heatmap_generator_package' build argument 'ament_cmake_args' from command line to 'None'
[0.329s] Level 5:colcon.colcon_core.verb:set package 'rssi_heatmap_generator_package' build argument 'catkin_cmake_args' from command line to 'None'
[0.329s] Level 5:colcon.colcon_core.verb:set package 'rssi_heatmap_generator_package' build argument 'catkin_skip_building_tests' from command line to 'False'
[0.329s] DEBUG:colcon.colcon_core.verb:Building package 'rssi_heatmap_generator_package' with the following arguments: {'ament_cmake_args': None, 'build_base': '/home/sachin/ros2_RSSI_Heatmap/rosbot-wifi-heatmap-sim/build/rssi_heatmap_generator_package', 'catkin_cmake_args': None, 'catkin_skip_building_tests': False, 'cmake_args': None, 'cmake_clean_cache': False, 'cmake_clean_first': False, 'cmake_force_configure': False, 'cmake_target': None, 'cmake_target_skip_unavailable': False, 'install_base': '/home/sachin/ros2_RSSI_Heatmap/rosbot-wifi-heatmap-sim/install/rssi_heatmap_generator_package', 'merge_install': False, 'path': '/home/sachin/ros2_RSSI_Heatmap/rosbot-wifi-heatmap-sim/src/rssi_heatmap_generator_package', 'symlink_install': False, 'test_result_base': None}
[0.329s] Level 5:colcon.colcon_core.verb:set package 'mappers_bringup' build argument 'cmake_args' from command line to 'None'
[0.329s] Level 5:colcon.colcon_core.verb:set package 'mappers_bringup' build argument 'cmake_target' from command line to 'None'
[0.329s] Level 5:colcon.colcon_core.verb:set package 'mappers_bringup' build argument 'cmake_target_skip_unavailable' from command line to 'False'
[0.329s] Level 5:colcon.colcon_core.verb:set package 'mappers_bringup' build argument 'cmake_clean_cache' from command line to 'False'
[0.330s] Level 5:colcon.colcon_core.verb:set package 'mappers_bringup' build argument 'cmake_clean_first' from command line to 'False'
[0.330s] Level 5:colcon.colcon_core.verb:set package 'mappers_bringup' build argument 'cmake_force_configure' from command line to 'False'
[0.330s] Level 5:colcon.colcon_core.verb:set package 'mappers_bringup' build argument 'ament_cmake_args' from command line to 'None'
[0.330s] Level 5:colcon.colcon_core.verb:set package 'mappers_bringup' build argument 'catkin_cmake_args' from command line to 'None'
[0.330s] Level 5:colcon.colcon_core.verb:set package 'mappers_bringup' build argument 'catkin_skip_building_tests' from command line to 'False'
[0.330s] DEBUG:colcon.colcon_core.verb:Building package 'mappers_bringup' with the following arguments: {'ament_cmake_args': None, 'build_base': '/home/sachin/ros2_RSSI_Heatmap/rosbot-wifi-heatmap-sim/build/mappers_bringup', 'catkin_cmake_args': None, 'catkin_skip_building_tests': False, 'cmake_args': None, 'cmake_clean_cache': False, 'cmake_clean_first': False, 'cmake_force_configure': False, 'cmake_target': None, 'cmake_target_skip_unavailable': False, 'install_base': '/home/sachin/ros2_RSSI_Heatmap/rosbot-wifi-heatmap-sim/install/mappers_bringup', 'merge_install': False, 'path': '/home/sachin/ros2_RSSI_Heatmap/rosbot-wifi-heatmap-sim/src/mappers_bringup', 'symlink_install': False, 'test_result_base': None}
[0.330s] INFO:colcon.colcon_core.executor:Executing jobs using 'parallel' executor
[0.331s] DEBUG:colcon.colcon_parallel_executor.executor.parallel:run_until_complete
[0.331s] INFO:colcon.colcon_ros.task.ament_cmake.build:Building ROS package in '/home/sachin/ros2_RSSI_Heatmap/rosbot-wifi-heatmap-sim/src/rosbot_interfaces' with build type 'ament_cmake'
[0.332s] INFO:colcon.colcon_cmake.task.cmake.build:Building CMake package in '/home/sachin/ros2_RSSI_Heatmap/rosbot-wifi-heatmap-sim/src/rosbot_interfaces'
[0.334s] INFO:colcon.colcon_core.plugin_system:Skipping extension 'colcon_core.shell.bat': Not used on non-Windows systems
[0.334s] INFO:colcon.colcon_core.shell:Skip shell extension 'powershell' for command environment: Not usable outside of PowerShell
[0.334s] DEBUG:colcon.colcon_core.shell:Skip shell extension 'dsv' for command environment
[0.342s] INFO:colcon.colcon_ros.task.ament_python.build:Building ROS package in '/home/sachin/ros2_RSSI_Heatmap/rosbot-wifi-heatmap-sim/src/waypoint_publisher_package' with build type 'ament_python'
[0.342s] Level 1:colcon.colcon_core.shell:create_environment_hook('waypoint_publisher_package', 'ament_prefix_path')
[0.342s] INFO:colcon.colcon_core.shell:Creating environment hook '/home/sachin/ros2_RSSI_Heatmap/rosbot-wifi-heatmap-sim/install/waypoint_publisher_package/share/waypoint_publisher_package/hook/ament_prefix_path.ps1'
[0.345s] INFO:colcon.colcon_core.shell:Creating environment descriptor '/home/sachin/ros2_RSSI_Heatmap/rosbot-wifi-heatmap-sim/install/waypoint_publisher_package/share/waypoint_publisher_package/hook/ament_prefix_path.dsv'
[0.345s] INFO:colcon.colcon_core.shell:Creating environment hook '/home/sachin/ros2_RSSI_Heatmap/rosbot-wifi-heatmap-sim/install/waypoint_publisher_package/share/waypoint_publisher_package/hook/ament_prefix_path.sh'
[0.346s] INFO:colcon.colcon_core.shell:Skip shell extension 'powershell' for command environment: Not usable outside of PowerShell
[0.346s] DEBUG:colcon.colcon_core.shell:Skip shell extension 'dsv' for command environment
[0.358s] DEBUG:colcon.colcon_core.event_handler.log_command:Invoking command in '/home/sachin/ros2_RSSI_Heatmap/rosbot-wifi-heatmap-sim/build/rosbot_interfaces': CMAKE_PREFIX_PATH=${CMAKE_PREFIX_PATH}:/opt/ros/jazzy DEBUGINFOD_URLS=https://debuginfod.ubuntu.com PS1=(.ros2_venv) \[\e]0;\u@\h: \w\a\]${debian_chroot:+($debian_chroot)}\[\033[01;32m\]\u@\h\[\033[00m\]:\[\033[01;34m\]\w\[\033[00m\]\$ VIRTUAL_ENV_PROMPT=(.ros2_venv) /usr/bin/cmake --build /home/sachin/ros2_RSSI_Heatmap/rosbot-wifi-heatmap-sim/build/rosbot_interfaces -- -j12 -l12
[0.634s] INFO:colcon.colcon_core.task.python.build:Building Python package in '/home/sachin/ros2_RSSI_Heatmap/rosbot-wifi-heatmap-sim/src/waypoint_publisher_package'
[0.635s] INFO:colcon.colcon_core.shell:Skip shell extension 'powershell' for command environment: Not usable outside of PowerShell
[0.635s] DEBUG:colcon.colcon_core.shell:Skip shell extension 'dsv' for command environment
[0.642s] DEBUG:colcon.colcon_core.event_handler.log_command:Invoked command in '/home/sachin/ros2_RSSI_Heatmap/rosbot-wifi-heatmap-sim/build/rosbot_interfaces' returned '2': CMAKE_PREFIX_PATH=${CMAKE_PREFIX_PATH}:/opt/ros/jazzy DEBUGINFOD_URLS=https://debuginfod.ubuntu.com PS1=(.ros2_venv) \[\e]0;\u@\h: \w\a\]${debian_chroot:+($debian_chroot)}\[\033[01;32m\]\u@\h\[\033[00m\]:\[\033[01;34m\]\w\[\033[00m\]\$ VIRTUAL_ENV_PROMPT=(.ros2_venv) /usr/bin/cmake --build /home/sachin/ros2_RSSI_Heatmap/rosbot-wifi-heatmap-sim/build/rosbot_interfaces -- -j12 -l12
[0.646s] Level 1:colcon.colcon_core.environment:create_environment_scripts_only(rosbot_interfaces)
[0.648s] Level 1:colcon.colcon_core.environment:checking '/home/sachin/ros2_RSSI_Heatmap/rosbot-wifi-heatmap-sim/install/rosbot_interfaces' for CMake module files
[0.650s] Level 1:colcon.colcon_core.environment:checking '/home/sachin/ros2_RSSI_Heatmap/rosbot-wifi-heatmap-sim/install/rosbot_interfaces' for CMake config files
[0.652s] Level 1:colcon.colcon_core.shell:create_environment_hook('rosbot_interfaces', 'cmake_prefix_path')
[0.652s] INFO:colcon.colcon_core.shell:Creating environment hook '/home/sachin/ros2_RSSI_Heatmap/rosbot-wifi-heatmap-sim/install/rosbot_interfaces/share/rosbot_interfaces/hook/cmake_prefix_path.ps1'
[0.653s] INFO:colcon.colcon_core.shell:Creating environment descriptor '/home/sachin/ros2_RSSI_Heatmap/rosbot-wifi-heatmap-sim/install/rosbot_interfaces/share/rosbot_interfaces/hook/cmake_prefix_path.dsv'
[0.653s] INFO:colcon.colcon_core.shell:Creating environment hook '/home/sachin/ros2_RSSI_Heatmap/rosbot-wifi-heatmap-sim/install/rosbot_interfaces/share/rosbot_interfaces/hook/cmake_prefix_path.sh'
[0.654s] Level 1:colcon.colcon_core.environment:checking '/home/sachin/ros2_RSSI_Heatmap/rosbot-wifi-heatmap-sim/install/rosbot_interfaces/lib'
[0.654s] Level 1:colcon.colcon_core.shell:create_environment_hook('rosbot_interfaces', 'ld_library_path_lib')
[0.654s] INFO:colcon.colcon_core.shell:Creating environment hook '/home/sachin/ros2_RSSI_Heatmap/rosbot-wifi-heatmap-sim/install/rosbot_interfaces/share/rosbot_interfaces/hook/ld_library_path_lib.ps1'
[0.655s] INFO:colcon.colcon_core.shell:Creating environment descriptor '/home/sachin/ros2_RSSI_Heatmap/rosbot-wifi-heatmap-sim/install/rosbot_interfaces/share/rosbot_interfaces/hook/ld_library_path_lib.dsv'
[0.655s] INFO:colcon.colcon_core.shell:Creating environment hook '/home/sachin/ros2_RSSI_Heatmap/rosbot-wifi-heatmap-sim/install/rosbot_interfaces/share/rosbot_interfaces/hook/ld_library_path_lib.sh'
[0.656s] Level 1:colcon.colcon_core.environment:checking '/home/sachin/ros2_RSSI_Heatmap/rosbot-wifi-heatmap-sim/install/rosbot_interfaces/bin'
[0.656s] Level 1:colcon.colcon_core.environment:checking '/home/sachin/ros2_RSSI_Heatmap/rosbot-wifi-heatmap-sim/install/rosbot_interfaces/lib/pkgconfig/rosbot_interfaces.pc'
[0.656s] Level 1:colcon.colcon_core.environment:checking '/home/sachin/ros2_RSSI_Heatmap/rosbot-wifi-heatmap-sim/install/rosbot_interfaces/lib/python3.12/site-packages'
[0.656s] Level 1:colcon.colcon_core.shell:create_environment_hook('rosbot_interfaces', 'pythonpath')
[0.656s] INFO:colcon.colcon_core.shell:Creating environment hook '/home/sachin/ros2_RSSI_Heatmap/rosbot-wifi-heatmap-sim/install/rosbot_interfaces/share/rosbot_interfaces/hook/pythonpath.ps1'
[0.657s] INFO:colcon.colcon_core.shell:Creating environment descriptor '/home/sachin/ros2_RSSI_Heatmap/rosbot-wifi-heatmap-sim/install/rosbot_interfaces/share/rosbot_interfaces/hook/pythonpath.dsv'
[0.657s] INFO:colcon.colcon_core.shell:Creating environment hook '/home/sachin/ros2_RSSI_Heatmap/rosbot-wifi-heatmap-sim/install/rosbot_interfaces/share/rosbot_interfaces/hook/pythonpath.sh'
[0.658s] Level 1:colcon.colcon_core.environment:checking '/home/sachin/ros2_RSSI_Heatmap/rosbot-wifi-heatmap-sim/install/rosbot_interfaces/bin'
[0.658s] INFO:colcon.colcon_core.shell:Creating package script '/home/sachin/ros2_RSSI_Heatmap/rosbot-wifi-heatmap-sim/install/rosbot_interfaces/share/rosbot_interfaces/package.ps1'
[0.659s] INFO:colcon.colcon_core.shell:Creating package descriptor '/home/sachin/ros2_RSSI_Heatmap/rosbot-wifi-heatmap-sim/install/rosbot_interfaces/share/rosbot_interfaces/package.dsv'
[0.660s] INFO:colcon.colcon_core.shell:Creating package script '/home/sachin/ros2_RSSI_Heatmap/rosbot-wifi-heatmap-sim/install/rosbot_interfaces/share/rosbot_interfaces/package.sh'
[0.660s] INFO:colcon.colcon_core.shell:Creating package script '/home/sachin/ros2_RSSI_Heatmap/rosbot-wifi-heatmap-sim/install/rosbot_interfaces/share/rosbot_interfaces/package.bash'
[0.661s] INFO:colcon.colcon_core.shell:Creating package script '/home/sachin/ros2_RSSI_Heatmap/rosbot-wifi-heatmap-sim/install/rosbot_interfaces/share/rosbot_interfaces/package.zsh'
[0.662s] Level 1:colcon.colcon_core.environment:create_file_with_runtime_dependencies(/home/sachin/ros2_RSSI_Heatmap/rosbot-wifi-heatmap-sim/install/rosbot_interfaces/share/colcon-core/packages/rosbot_interfaces)
[0.673s] DEBUG:colcon.colcon_parallel_executor.executor.parallel:closing loop
[0.673s] DEBUG:colcon.colcon_parallel_executor.executor.parallel:loop closed
[0.673s] DEBUG:colcon.colcon_parallel_executor.executor.parallel:run_until_complete finished with '2'
[0.673s] DEBUG:colcon.colcon_core.event_reactor:joining thread
[0.681s] INFO:colcon.colcon_core.plugin_system:Skipping extension 'colcon_notification.desktop_notification.terminal_notifier': Not used on non-Darwin systems
[0.681s] INFO:colcon.colcon_core.plugin_system:Skipping extension 'colcon_notification.desktop_notification.win32': Not used on non-Windows systems
[0.681s] INFO:colcon.colcon_notification.desktop_notification:Sending desktop notification using 'notify2'
[0.707s] DEBUG:colcon.colcon_core.event_reactor:joined thread
[0.707s] INFO:colcon.colcon_core.shell:Creating prefix script '/home/sachin/ros2_RSSI_Heatmap/rosbot-wifi-heatmap-sim/install/local_setup.ps1'
[0.708s] INFO:colcon.colcon_core.shell:Creating prefix util module '/home/sachin/ros2_RSSI_Heatmap/rosbot-wifi-heatmap-sim/install/_local_setup_util_ps1.py'
[0.710s] INFO:colcon.colcon_core.shell:Creating prefix chain script '/home/sachin/ros2_RSSI_Heatmap/rosbot-wifi-heatmap-sim/install/setup.ps1'
[0.711s] INFO:colcon.colcon_core.shell:Creating prefix script '/home/sachin/ros2_RSSI_Heatmap/rosbot-wifi-heatmap-sim/install/local_setup.sh'
[0.711s] INFO:colcon.colcon_core.shell:Creating prefix util module '/home/sachin/ros2_RSSI_Heatmap/rosbot-wifi-heatmap-sim/install/_local_setup_util_sh.py'
[0.712s] INFO:colcon.colcon_core.shell:Creating prefix chain script '/home/sachin/ros2_RSSI_Heatmap/rosbot-wifi-heatmap-sim/install/setup.sh'
[0.713s] INFO:colcon.colcon_core.shell:Creating prefix script '/home/sachin/ros2_RSSI_Heatmap/rosbot-wifi-heatmap-sim/install/local_setup.bash'
[0.714s] INFO:colcon.colcon_core.shell:Creating prefix chain script '/home/sachin/ros2_RSSI_Heatmap/rosbot-wifi-heatmap-sim/install/setup.bash'
[0.715s] INFO:colcon.colcon_core.shell:Creating prefix script '/home/sachin/ros2_RSSI_Heatmap/rosbot-wifi-heatmap-sim/install/local_setup.zsh'
[0.716s] INFO:colcon.colcon_core.shell:Creating prefix chain script '/home/sachin/ros2_RSSI_Heatmap/rosbot-wifi-heatmap-sim/install/setup.zsh'
