running egg_info
creating ../../build/rssi_heatmap_generator_package/rssi_heatmap_generator_package.egg-info
writing ../../build/rssi_heatmap_generator_package/rssi_heatmap_generator_package.egg-info/PKG-INFO
writing dependency_links to ../../build/rssi_heatmap_generator_package/rssi_heatmap_generator_package.egg-info/dependency_links.txt
writing entry points to ../../build/rssi_heatmap_generator_package/rssi_heatmap_generator_package.egg-info/entry_points.txt
writing requirements to ../../build/rssi_heatmap_generator_package/rssi_heatmap_generator_package.egg-info/requires.txt
writing top-level names to ../../build/rssi_heatmap_generator_package/rssi_heatmap_generator_package.egg-info/top_level.txt
writing manifest file '../../build/rssi_heatmap_generator_package/rssi_heatmap_generator_package.egg-info/SOURCES.txt'
reading manifest file '../../build/rssi_heatmap_generator_package/rssi_heatmap_generator_package.egg-info/SOURCES.txt'
writing manifest file '../../build/rssi_heatmap_generator_package/rssi_heatmap_generator_package.egg-info/SOURCES.txt'
running build
running build_py
creating /home/sachin/rosbot-wifi-heatmap-sim/build/rssi_heatmap_generator_package/build
creating /home/sachin/rosbot-wifi-heatmap-sim/build/rssi_heatmap_generator_package/build/lib
creating /home/sachin/rosbot-wifi-heatmap-sim/build/rssi_heatmap_generator_package/build/lib/rssi_heatmap_generator_package
copying rssi_heatmap_generator_package/__init__.py -> /home/sachin/rosbot-wifi-heatmap-sim/build/rssi_heatmap_generator_package/build/lib/rssi_heatmap_generator_package
copying rssi_heatmap_generator_package/node.py -> /home/sachin/rosbot-wifi-heatmap-sim/build/rssi_heatmap_generator_package/build/lib/rssi_heatmap_generator_package
creating /home/sachin/rosbot-wifi-heatmap-sim/build/rssi_heatmap_generator_package/build/lib/rssi_heatmap_generator_package/submodules
copying rssi_heatmap_generator_package/submodules/__init__.py -> /home/sachin/rosbot-wifi-heatmap-sim/build/rssi_heatmap_generator_package/build/lib/rssi_heatmap_generator_package/submodules
copying rssi_heatmap_generator_package/submodules/generate_heatmap.py -> /home/sachin/rosbot-wifi-heatmap-sim/build/rssi_heatmap_generator_package/build/lib/rssi_heatmap_generator_package/submodules
running install
running install_lib
creating /home/sachin/rosbot-wifi-heatmap-sim/install/rssi_heatmap_generator_package/lib/python3.12/site-packages/rssi_heatmap_generator_package
creating /home/sachin/rosbot-wifi-heatmap-sim/install/rssi_heatmap_generator_package/lib/python3.12/site-packages/rssi_heatmap_generator_package/submodules
copying /home/sachin/rosbot-wifi-heatmap-sim/build/rssi_heatmap_generator_package/build/lib/rssi_heatmap_generator_package/submodules/__init__.py -> /home/sachin/rosbot-wifi-heatmap-sim/install/rssi_heatmap_generator_package/lib/python3.12/site-packages/rssi_heatmap_generator_package/submodules
copying /home/sachin/rosbot-wifi-heatmap-sim/build/rssi_heatmap_generator_package/build/lib/rssi_heatmap_generator_package/submodules/generate_heatmap.py -> /home/sachin/rosbot-wifi-heatmap-sim/install/rssi_heatmap_generator_package/lib/python3.12/site-packages/rssi_heatmap_generator_package/submodules
copying /home/sachin/rosbot-wifi-heatmap-sim/build/rssi_heatmap_generator_package/build/lib/rssi_heatmap_generator_package/__init__.py -> /home/sachin/rosbot-wifi-heatmap-sim/install/rssi_heatmap_generator_package/lib/python3.12/site-packages/rssi_heatmap_generator_package
copying /home/sachin/rosbot-wifi-heatmap-sim/build/rssi_heatmap_generator_package/build/lib/rssi_heatmap_generator_package/node.py -> /home/sachin/rosbot-wifi-heatmap-sim/install/rssi_heatmap_generator_package/lib/python3.12/site-packages/rssi_heatmap_generator_package
byte-compiling /home/sachin/rosbot-wifi-heatmap-sim/install/rssi_heatmap_generator_package/lib/python3.12/site-packages/rssi_heatmap_generator_package/submodules/__init__.py to __init__.cpython-312.pyc
byte-compiling /home/sachin/rosbot-wifi-heatmap-sim/install/rssi_heatmap_generator_package/lib/python3.12/site-packages/rssi_heatmap_generator_package/submodules/generate_heatmap.py to generate_heatmap.cpython-312.pyc
byte-compiling /home/sachin/rosbot-wifi-heatmap-sim/install/rssi_heatmap_generator_package/lib/python3.12/site-packages/rssi_heatmap_generator_package/__init__.py to __init__.cpython-312.pyc
byte-compiling /home/sachin/rosbot-wifi-heatmap-sim/install/rssi_heatmap_generator_package/lib/python3.12/site-packages/rssi_heatmap_generator_package/node.py to node.cpython-312.pyc
running install_data
creating /home/sachin/rosbot-wifi-heatmap-sim/install/rssi_heatmap_generator_package/share/ament_index
creating /home/sachin/rosbot-wifi-heatmap-sim/install/rssi_heatmap_generator_package/share/ament_index/resource_index
creating /home/sachin/rosbot-wifi-heatmap-sim/install/rssi_heatmap_generator_package/share/ament_index/resource_index/packages
copying resource/rssi_heatmap_generator_package -> /home/sachin/rosbot-wifi-heatmap-sim/install/rssi_heatmap_generator_package/share/ament_index/resource_index/packages
copying package.xml -> /home/sachin/rosbot-wifi-heatmap-sim/install/rssi_heatmap_generator_package/share/rssi_heatmap_generator_package
running install_egg_info
Copying ../../build/rssi_heatmap_generator_package/rssi_heatmap_generator_package.egg-info to /home/sachin/rosbot-wifi-heatmap-sim/install/rssi_heatmap_generator_package/lib/python3.12/site-packages/rssi_heatmap_generator_package-1.0.0-py3.12.egg-info
running install_scripts
Installing node script to /home/sachin/rosbot-wifi-heatmap-sim/install/rssi_heatmap_generator_package/lib/rssi_heatmap_generator_package
writing list of installed files to '/home/sachin/rosbot-wifi-heatmap-sim/build/rssi_heatmap_generator_package/install.log'
