[0.519s] Invoking command in '/home/sachin/rosbot-wifi-heatmap-sim/src/rssi_heatmap_generator_package': AMENT_PREFIX_PATH=/home/sachin/rosbot-wifi-heatmap-sim/install/rosbot_interfaces:${AMENT_PREFIX_PATH} CMAKE_PREFIX_PATH=/home/sachin/rosbot-wifi-heatmap-sim/install/rosbot_interfaces:${CMAKE_PREFIX_PATH} DEBUGINFOD_URLS=https://debuginfod.ubuntu.com LD_LIBRARY_PATH=/home/sachin/rosbot-wifi-heatmap-sim/install/rosbot_interfaces/lib:${LD_LIBRARY_PATH} PS1=(.ros2_venv) \[\e]0;\u@\h: \w\a\]${debian_chroot:+($debian_chroot)}\[\033[01;32m\]\u@\h\[\033[00m\]:\[\033[01;34m\]\w\[\033[00m\]\$ PYTHONPATH=/home/sachin/rosbot-wifi-heatmap-sim/build/rssi_heatmap_generator_package/prefix_override:/usr/lib/python3/dist-packages/colcon_core/task/python/colcon_distutils_commands:/home/sachin/rosbot-wifi-heatmap-sim/install/rssi_heatmap_generator_package/lib/python3.12/site-packages:/home/sachin/rosbot-wifi-heatmap-sim/install/rosbot_interfaces/lib/python3.12/site-packages:${PYTHONPATH} VIRTUAL_ENV_PROMPT=(.ros2_venv) /usr/bin/python3 -W ignore:setup.py install is deprecated -W ignore:easy_install command is deprecated setup.py egg_info --egg-base ../../build/rssi_heatmap_generator_package build --build-base /home/sachin/rosbot-wifi-heatmap-sim/build/rssi_heatmap_generator_package/build install --record /home/sachin/rosbot-wifi-heatmap-sim/build/rssi_heatmap_generator_package/install.log --single-version-externally-managed install_data
[0.681s] running egg_info
[0.681s] creating ../../build/rssi_heatmap_generator_package/rssi_heatmap_generator_package.egg-info
[0.693s] writing ../../build/rssi_heatmap_generator_package/rssi_heatmap_generator_package.egg-info/PKG-INFO
[0.693s] writing dependency_links to ../../build/rssi_heatmap_generator_package/rssi_heatmap_generator_package.egg-info/dependency_links.txt
[0.693s] writing entry points to ../../build/rssi_heatmap_generator_package/rssi_heatmap_generator_package.egg-info/entry_points.txt
[0.693s] writing requirements to ../../build/rssi_heatmap_generator_package/rssi_heatmap_generator_package.egg-info/requires.txt
[0.693s] writing top-level names to ../../build/rssi_heatmap_generator_package/rssi_heatmap_generator_package.egg-info/top_level.txt
[0.693s] writing manifest file '../../build/rssi_heatmap_generator_package/rssi_heatmap_generator_package.egg-info/SOURCES.txt'
[0.717s] reading manifest file '../../build/rssi_heatmap_generator_package/rssi_heatmap_generator_package.egg-info/SOURCES.txt'
[0.717s] writing manifest file '../../build/rssi_heatmap_generator_package/rssi_heatmap_generator_package.egg-info/SOURCES.txt'
[0.717s] running build
[0.718s] running build_py
[0.718s] creating /home/sachin/rosbot-wifi-heatmap-sim/build/rssi_heatmap_generator_package/build
[0.718s] creating /home/sachin/rosbot-wifi-heatmap-sim/build/rssi_heatmap_generator_package/build/lib
[0.718s] creating /home/sachin/rosbot-wifi-heatmap-sim/build/rssi_heatmap_generator_package/build/lib/rssi_heatmap_generator_package
[0.718s] copying rssi_heatmap_generator_package/__init__.py -> /home/sachin/rosbot-wifi-heatmap-sim/build/rssi_heatmap_generator_package/build/lib/rssi_heatmap_generator_package
[0.718s] copying rssi_heatmap_generator_package/node.py -> /home/sachin/rosbot-wifi-heatmap-sim/build/rssi_heatmap_generator_package/build/lib/rssi_heatmap_generator_package
[0.718s] creating /home/sachin/rosbot-wifi-heatmap-sim/build/rssi_heatmap_generator_package/build/lib/rssi_heatmap_generator_package/submodules
[0.718s] copying rssi_heatmap_generator_package/submodules/__init__.py -> /home/sachin/rosbot-wifi-heatmap-sim/build/rssi_heatmap_generator_package/build/lib/rssi_heatmap_generator_package/submodules
[0.718s] copying rssi_heatmap_generator_package/submodules/generate_heatmap.py -> /home/sachin/rosbot-wifi-heatmap-sim/build/rssi_heatmap_generator_package/build/lib/rssi_heatmap_generator_package/submodules
[0.718s] running install
[0.723s] running install_lib
[0.735s] creating /home/sachin/rosbot-wifi-heatmap-sim/install/rssi_heatmap_generator_package/lib/python3.12/site-packages/rssi_heatmap_generator_package
[0.735s] creating /home/sachin/rosbot-wifi-heatmap-sim/install/rssi_heatmap_generator_package/lib/python3.12/site-packages/rssi_heatmap_generator_package/submodules
[0.735s] copying /home/sachin/rosbot-wifi-heatmap-sim/build/rssi_heatmap_generator_package/build/lib/rssi_heatmap_generator_package/submodules/__init__.py -> /home/sachin/rosbot-wifi-heatmap-sim/install/rssi_heatmap_generator_package/lib/python3.12/site-packages/rssi_heatmap_generator_package/submodules
[0.735s] copying /home/sachin/rosbot-wifi-heatmap-sim/build/rssi_heatmap_generator_package/build/lib/rssi_heatmap_generator_package/submodules/generate_heatmap.py -> /home/sachin/rosbot-wifi-heatmap-sim/install/rssi_heatmap_generator_package/lib/python3.12/site-packages/rssi_heatmap_generator_package/submodules
[0.735s] copying /home/sachin/rosbot-wifi-heatmap-sim/build/rssi_heatmap_generator_package/build/lib/rssi_heatmap_generator_package/__init__.py -> /home/sachin/rosbot-wifi-heatmap-sim/install/rssi_heatmap_generator_package/lib/python3.12/site-packages/rssi_heatmap_generator_package
[0.735s] copying /home/sachin/rosbot-wifi-heatmap-sim/build/rssi_heatmap_generator_package/build/lib/rssi_heatmap_generator_package/node.py -> /home/sachin/rosbot-wifi-heatmap-sim/install/rssi_heatmap_generator_package/lib/python3.12/site-packages/rssi_heatmap_generator_package
[0.735s] byte-compiling /home/sachin/rosbot-wifi-heatmap-sim/install/rssi_heatmap_generator_package/lib/python3.12/site-packages/rssi_heatmap_generator_package/submodules/__init__.py to __init__.cpython-312.pyc
[0.735s] byte-compiling /home/sachin/rosbot-wifi-heatmap-sim/install/rssi_heatmap_generator_package/lib/python3.12/site-packages/rssi_heatmap_generator_package/submodules/generate_heatmap.py to generate_heatmap.cpython-312.pyc
[0.736s] byte-compiling /home/sachin/rosbot-wifi-heatmap-sim/install/rssi_heatmap_generator_package/lib/python3.12/site-packages/rssi_heatmap_generator_package/__init__.py to __init__.cpython-312.pyc
[0.736s] byte-compiling /home/sachin/rosbot-wifi-heatmap-sim/install/rssi_heatmap_generator_package/lib/python3.12/site-packages/rssi_heatmap_generator_package/node.py to node.cpython-312.pyc
[0.737s] running install_data
[0.737s] creating /home/sachin/rosbot-wifi-heatmap-sim/install/rssi_heatmap_generator_package/share/ament_index
[0.737s] creating /home/sachin/rosbot-wifi-heatmap-sim/install/rssi_heatmap_generator_package/share/ament_index/resource_index
[0.737s] creating /home/sachin/rosbot-wifi-heatmap-sim/install/rssi_heatmap_generator_package/share/ament_index/resource_index/packages
[0.737s] copying resource/rssi_heatmap_generator_package -> /home/sachin/rosbot-wifi-heatmap-sim/install/rssi_heatmap_generator_package/share/ament_index/resource_index/packages
[0.738s] copying package.xml -> /home/sachin/rosbot-wifi-heatmap-sim/install/rssi_heatmap_generator_package/share/rssi_heatmap_generator_package
[0.738s] running install_egg_info
[0.750s] Copying ../../build/rssi_heatmap_generator_package/rssi_heatmap_generator_package.egg-info to /home/sachin/rosbot-wifi-heatmap-sim/install/rssi_heatmap_generator_package/lib/python3.12/site-packages/rssi_heatmap_generator_package-1.0.0-py3.12.egg-info
[0.750s] running install_scripts
[0.828s] Installing node script to /home/sachin/rosbot-wifi-heatmap-sim/install/rssi_heatmap_generator_package/lib/rssi_heatmap_generator_package
[0.828s] writing list of installed files to '/home/sachin/rosbot-wifi-heatmap-sim/build/rssi_heatmap_generator_package/install.log'
[0.848s] Invoked command in '/home/sachin/rosbot-wifi-heatmap-sim/src/rssi_heatmap_generator_package' returned '0': AMENT_PREFIX_PATH=/home/sachin/rosbot-wifi-heatmap-sim/install/rosbot_interfaces:${AMENT_PREFIX_PATH} CMAKE_PREFIX_PATH=/home/sachin/rosbot-wifi-heatmap-sim/install/rosbot_interfaces:${CMAKE_PREFIX_PATH} DEBUGINFOD_URLS=https://debuginfod.ubuntu.com LD_LIBRARY_PATH=/home/sachin/rosbot-wifi-heatmap-sim/install/rosbot_interfaces/lib:${LD_LIBRARY_PATH} PS1=(.ros2_venv) \[\e]0;\u@\h: \w\a\]${debian_chroot:+($debian_chroot)}\[\033[01;32m\]\u@\h\[\033[00m\]:\[\033[01;34m\]\w\[\033[00m\]\$ PYTHONPATH=/home/sachin/rosbot-wifi-heatmap-sim/build/rssi_heatmap_generator_package/prefix_override:/usr/lib/python3/dist-packages/colcon_core/task/python/colcon_distutils_commands:/home/sachin/rosbot-wifi-heatmap-sim/install/rssi_heatmap_generator_package/lib/python3.12/site-packages:/home/sachin/rosbot-wifi-heatmap-sim/install/rosbot_interfaces/lib/python3.12/site-packages:${PYTHONPATH} VIRTUAL_ENV_PROMPT=(.ros2_venv) /usr/bin/python3 -W ignore:setup.py install is deprecated -W ignore:easy_install command is deprecated setup.py egg_info --egg-base ../../build/rssi_heatmap_generator_package build --build-base /home/sachin/rosbot-wifi-heatmap-sim/build/rssi_heatmap_generator_package/build install --record /home/sachin/rosbot-wifi-heatmap-sim/build/rssi_heatmap_generator_package/install.log --single-version-externally-managed install_data
