[1.044s] Invoking command in '/home/sachin/rosbot-wifi-heatmap-sim/src/waypoint_publisher_package': DEBUGINFOD_URLS=https://debuginfod.ubuntu.com PS1=(.ros2_venv) \[\e]0;\u@\h: \w\a\]${debian_chroot:+($debian_chroot)}\[\033[01;32m\]\u@\h\[\033[00m\]:\[\033[01;34m\]\w\[\033[00m\]\$ PYTHONPATH=/home/sachin/rosbot-wifi-heatmap-sim/build/waypoint_publisher_package/prefix_override:/usr/lib/python3/dist-packages/colcon_core/task/python/colcon_distutils_commands:/home/sachin/rosbot-wifi-heatmap-sim/install/waypoint_publisher_package/lib/python3.12/site-packages:${PYTHONPATH} VIRTUAL_ENV_PROMPT=(.ros2_venv) /usr/bin/python3 -W ignore:setup.py install is deprecated -W ignore:easy_install command is deprecated setup.py egg_info --egg-base ../../build/waypoint_publisher_package build --build-base /home/sachin/rosbot-wifi-heatmap-sim/build/waypoint_publisher_package/build install --record /home/sachin/rosbot-wifi-heatmap-sim/build/waypoint_publisher_package/install.log --single-version-externally-managed install_data
[1.372s] running egg_info
[1.395s] writing ../../build/waypoint_publisher_package/waypoint_publisher_package.egg-info/PKG-INFO
[1.395s] writing dependency_links to ../../build/waypoint_publisher_package/waypoint_publisher_package.egg-info/dependency_links.txt
[1.396s] writing entry points to ../../build/waypoint_publisher_package/waypoint_publisher_package.egg-info/entry_points.txt
[1.396s] writing requirements to ../../build/waypoint_publisher_package/waypoint_publisher_package.egg-info/requires.txt
[1.396s] writing top-level names to ../../build/waypoint_publisher_package/waypoint_publisher_package.egg-info/top_level.txt
[1.443s] reading manifest file '../../build/waypoint_publisher_package/waypoint_publisher_package.egg-info/SOURCES.txt'
[1.444s] writing manifest file '../../build/waypoint_publisher_package/waypoint_publisher_package.egg-info/SOURCES.txt'
[1.444s] running build
[1.444s] running build_py
[1.445s] running install
[1.452s] running install_lib
[1.476s] running install_data
[1.476s] running install_egg_info
[1.500s] removing '/home/sachin/rosbot-wifi-heatmap-sim/install/waypoint_publisher_package/lib/python3.12/site-packages/waypoint_publisher_package-1.0.0-py3.12.egg-info' (and everything under it)
[1.501s] Copying ../../build/waypoint_publisher_package/waypoint_publisher_package.egg-info to /home/sachin/rosbot-wifi-heatmap-sim/install/waypoint_publisher_package/lib/python3.12/site-packages/waypoint_publisher_package-1.0.0-py3.12.egg-info
[1.502s] running install_scripts
[1.660s] Installing node script to /home/sachin/rosbot-wifi-heatmap-sim/install/waypoint_publisher_package/lib/waypoint_publisher_package
[1.660s] writing list of installed files to '/home/sachin/rosbot-wifi-heatmap-sim/build/waypoint_publisher_package/install.log'
[1.701s] Invoked command in '/home/sachin/rosbot-wifi-heatmap-sim/src/waypoint_publisher_package' returned '0': DEBUGINFOD_URLS=https://debuginfod.ubuntu.com PS1=(.ros2_venv) \[\e]0;\u@\h: \w\a\]${debian_chroot:+($debian_chroot)}\[\033[01;32m\]\u@\h\[\033[00m\]:\[\033[01;34m\]\w\[\033[00m\]\$ PYTHONPATH=/home/sachin/rosbot-wifi-heatmap-sim/build/waypoint_publisher_package/prefix_override:/usr/lib/python3/dist-packages/colcon_core/task/python/colcon_distutils_commands:/home/sachin/rosbot-wifi-heatmap-sim/install/waypoint_publisher_package/lib/python3.12/site-packages:${PYTHONPATH} VIRTUAL_ENV_PROMPT=(.ros2_venv) /usr/bin/python3 -W ignore:setup.py install is deprecated -W ignore:easy_install command is deprecated setup.py egg_info --egg-base ../../build/waypoint_publisher_package build --build-base /home/sachin/rosbot-wifi-heatmap-sim/build/waypoint_publisher_package/build install --record /home/sachin/rosbot-wifi-heatmap-sim/build/waypoint_publisher_package/install.log --single-version-externally-managed install_data
