[0.341s] DEBUG:colcon:Command line arguments: ['/usr/bin/colcon', 'build']
[0.341s] DEBUG:colcon:Parsed command line arguments: Namespace(log_base=None, log_level=None, verb_name='build', build_base='build', install_base='install', merge_install=False, symlink_install=False, test_result_base=None, continue_on_error=False, executor='parallel', parallel_workers=12, event_handlers=None, ignore_user_meta=False, metas=['./colcon.meta'], base_paths=['.'], packages_ignore=None, packages_ignore_regex=None, paths=None, packages_up_to=None, packages_up_to_regex=None, packages_above=None, packages_above_and_dependencies=None, packages_above_depth=None, packages_select_by_dep=None, packages_skip_by_dep=None, packages_skip_up_to=None, packages_select_build_failed=False, packages_skip_build_finished=False, packages_select_test_failures=False, packages_skip_test_passed=False, packages_select=None, packages_skip=None, packages_select_regex=None, packages_skip_regex=None, packages_start=None, packages_end=None, allow_overriding=[], cmake_args=None, cmake_target=None, cmake_target_skip_unavailable=False, cmake_clean_cache=False, cmake_clean_first=False, cmake_force_configure=False, ament_cmake_args=None, catkin_cmake_args=None, catkin_skip_building_tests=False, mixin_files=None, mixin=None, verb_parser=<colcon_mixin.mixin.mixin_argument.MixinArgumentDecorator object at 0x77fe9e999ca0>, verb_extension=<colcon_core.verb.build.BuildVerb object at 0x77fe9e999970>, main=<bound method BuildVerb.main of <colcon_core.verb.build.BuildVerb object at 0x77fe9e999970>>, mixin_verb=('build',))
[0.484s] Level 1:colcon.colcon_core.package_discovery:discover_packages(colcon_meta) check parameters
[0.484s] Level 1:colcon.colcon_core.package_discovery:discover_packages(recursive) check parameters
[0.484s] Level 1:colcon.colcon_core.package_discovery:discover_packages(ignore) check parameters
[0.484s] Level 1:colcon.colcon_core.package_discovery:discover_packages(path) check parameters
[0.484s] Level 1:colcon.colcon_core.package_discovery:discover_packages(colcon_meta) discover
[0.486s] Level 1:colcon.colcon_core.package_discovery:discover_packages(recursive) discover
[0.486s] INFO:colcon.colcon_core.package_discovery:Crawling recursively for packages in '/home/sachin/rosbot-wifi-heatmap-sim'
[0.487s] Level 1:colcon.colcon_core.package_identification:_identify(.) by extensions ['ignore', 'ignore_ament_install']
[0.488s] Level 1:colcon.colcon_core.package_identification:_identify(.) by extension 'ignore'
[0.488s] Level 1:colcon.colcon_core.package_identification:_identify(.) by extension 'ignore_ament_install'
[0.488s] Level 1:colcon.colcon_core.package_identification:_identify(.) by extensions ['colcon_pkg']
[0.488s] Level 1:colcon.colcon_core.package_identification:_identify(.) by extension 'colcon_pkg'
[0.488s] Level 1:colcon.colcon_core.package_identification:_identify(.) by extensions ['colcon_meta']
[0.488s] Level 1:colcon.colcon_core.package_identification:_identify(.) by extension 'colcon_meta'
[0.488s] Level 1:colcon.colcon_core.package_identification:_identify(.) by extensions ['ros']
[0.488s] Level 1:colcon.colcon_core.package_identification:_identify(.) by extension 'ros'
[0.576s] Level 1:colcon.colcon_core.package_identification:_identify(.) by extensions ['cmake', 'python']
[0.577s] Level 1:colcon.colcon_core.package_identification:_identify(.) by extension 'cmake'
[0.577s] Level 1:colcon.colcon_core.package_identification:_identify(.) by extension 'python'
[0.577s] Level 1:colcon.colcon_core.package_identification:_identify(.) by extensions ['python_setup_py']
[0.577s] Level 1:colcon.colcon_core.package_identification:_identify(.) by extension 'python_setup_py'
[0.578s] Level 1:colcon.colcon_core.package_identification:_identify(build) by extensions ['ignore', 'ignore_ament_install']
[0.578s] Level 1:colcon.colcon_core.package_identification:_identify(build) by extension 'ignore'
[0.578s] Level 1:colcon.colcon_core.package_identification:_identify(build) ignored
[0.579s] Level 1:colcon.colcon_core.package_identification:_identify(config) by extensions ['ignore', 'ignore_ament_install']
[0.579s] Level 1:colcon.colcon_core.package_identification:_identify(config) by extension 'ignore'
[0.579s] Level 1:colcon.colcon_core.package_identification:_identify(config) by extension 'ignore_ament_install'
[0.580s] Level 1:colcon.colcon_core.package_identification:_identify(config) by extensions ['colcon_pkg']
[0.580s] Level 1:colcon.colcon_core.package_identification:_identify(config) by extension 'colcon_pkg'
[0.580s] Level 1:colcon.colcon_core.package_identification:_identify(config) by extensions ['colcon_meta']
[0.580s] Level 1:colcon.colcon_core.package_identification:_identify(config) by extension 'colcon_meta'
[0.580s] Level 1:colcon.colcon_core.package_identification:_identify(config) by extensions ['ros']
[0.580s] Level 1:colcon.colcon_core.package_identification:_identify(config) by extension 'ros'
[0.580s] Level 1:colcon.colcon_core.package_identification:_identify(config) by extensions ['cmake', 'python']
[0.580s] Level 1:colcon.colcon_core.package_identification:_identify(config) by extension 'cmake'
[0.580s] Level 1:colcon.colcon_core.package_identification:_identify(config) by extension 'python'
[0.580s] Level 1:colcon.colcon_core.package_identification:_identify(config) by extensions ['python_setup_py']
[0.580s] Level 1:colcon.colcon_core.package_identification:_identify(config) by extension 'python_setup_py'
[0.581s] Level 1:colcon.colcon_core.package_identification:_identify(heatmaps) by extensions ['ignore', 'ignore_ament_install']
[0.581s] Level 1:colcon.colcon_core.package_identification:_identify(heatmaps) by extension 'ignore'
[0.581s] Level 1:colcon.colcon_core.package_identification:_identify(heatmaps) by extension 'ignore_ament_install'
[0.581s] Level 1:colcon.colcon_core.package_identification:_identify(heatmaps) by extensions ['colcon_pkg']
[0.581s] Level 1:colcon.colcon_core.package_identification:_identify(heatmaps) by extension 'colcon_pkg'
[0.581s] Level 1:colcon.colcon_core.package_identification:_identify(heatmaps) by extensions ['colcon_meta']
[0.581s] Level 1:colcon.colcon_core.package_identification:_identify(heatmaps) by extension 'colcon_meta'
[0.581s] Level 1:colcon.colcon_core.package_identification:_identify(heatmaps) by extensions ['ros']
[0.581s] Level 1:colcon.colcon_core.package_identification:_identify(heatmaps) by extension 'ros'
[0.582s] Level 1:colcon.colcon_core.package_identification:_identify(heatmaps) by extensions ['cmake', 'python']
[0.582s] Level 1:colcon.colcon_core.package_identification:_identify(heatmaps) by extension 'cmake'
[0.582s] Level 1:colcon.colcon_core.package_identification:_identify(heatmaps) by extension 'python'
[0.582s] Level 1:colcon.colcon_core.package_identification:_identify(heatmaps) by extensions ['python_setup_py']
[0.582s] Level 1:colcon.colcon_core.package_identification:_identify(heatmaps) by extension 'python_setup_py'
[0.582s] Level 1:colcon.colcon_core.package_identification:_identify(install) by extensions ['ignore', 'ignore_ament_install']
[0.583s] Level 1:colcon.colcon_core.package_identification:_identify(install) by extension 'ignore'
[0.583s] Level 1:colcon.colcon_core.package_identification:_identify(install) ignored
[0.583s] Level 1:colcon.colcon_core.package_identification:_identify(log) by extensions ['ignore', 'ignore_ament_install']
[0.583s] Level 1:colcon.colcon_core.package_identification:_identify(log) by extension 'ignore'
[0.583s] Level 1:colcon.colcon_core.package_identification:_identify(log) ignored
[0.583s] Level 1:colcon.colcon_core.package_identification:_identify(maps) by extensions ['ignore', 'ignore_ament_install']
[0.584s] Level 1:colcon.colcon_core.package_identification:_identify(maps) by extension 'ignore'
[0.584s] Level 1:colcon.colcon_core.package_identification:_identify(maps) by extension 'ignore_ament_install'
[0.584s] Level 1:colcon.colcon_core.package_identification:_identify(maps) by extensions ['colcon_pkg']
[0.584s] Level 1:colcon.colcon_core.package_identification:_identify(maps) by extension 'colcon_pkg'
[0.584s] Level 1:colcon.colcon_core.package_identification:_identify(maps) by extensions ['colcon_meta']
[0.584s] Level 1:colcon.colcon_core.package_identification:_identify(maps) by extension 'colcon_meta'
[0.584s] Level 1:colcon.colcon_core.package_identification:_identify(maps) by extensions ['ros']
[0.584s] Level 1:colcon.colcon_core.package_identification:_identify(maps) by extension 'ros'
[0.584s] Level 1:colcon.colcon_core.package_identification:_identify(maps) by extensions ['cmake', 'python']
[0.585s] Level 1:colcon.colcon_core.package_identification:_identify(maps) by extension 'cmake'
[0.585s] Level 1:colcon.colcon_core.package_identification:_identify(maps) by extension 'python'
[0.585s] Level 1:colcon.colcon_core.package_identification:_identify(maps) by extensions ['python_setup_py']
[0.585s] Level 1:colcon.colcon_core.package_identification:_identify(maps) by extension 'python_setup_py'
[0.585s] Level 1:colcon.colcon_core.package_identification:_identify(src) by extensions ['ignore', 'ignore_ament_install']
[0.585s] Level 1:colcon.colcon_core.package_identification:_identify(src) by extension 'ignore'
[0.585s] Level 1:colcon.colcon_core.package_identification:_identify(src) by extension 'ignore_ament_install'
[0.585s] Level 1:colcon.colcon_core.package_identification:_identify(src) by extensions ['colcon_pkg']
[0.585s] Level 1:colcon.colcon_core.package_identification:_identify(src) by extension 'colcon_pkg'
[0.585s] Level 1:colcon.colcon_core.package_identification:_identify(src) by extensions ['colcon_meta']
[0.586s] Level 1:colcon.colcon_core.package_identification:_identify(src) by extension 'colcon_meta'
[0.586s] Level 1:colcon.colcon_core.package_identification:_identify(src) by extensions ['ros']
[0.586s] Level 1:colcon.colcon_core.package_identification:_identify(src) by extension 'ros'
[0.586s] Level 1:colcon.colcon_core.package_identification:_identify(src) by extensions ['cmake', 'python']
[0.586s] Level 1:colcon.colcon_core.package_identification:_identify(src) by extension 'cmake'
[0.586s] Level 1:colcon.colcon_core.package_identification:_identify(src) by extension 'python'
[0.586s] Level 1:colcon.colcon_core.package_identification:_identify(src) by extensions ['python_setup_py']
[0.586s] Level 1:colcon.colcon_core.package_identification:_identify(src) by extension 'python_setup_py'
[0.586s] Level 1:colcon.colcon_core.package_identification:_identify(src/mappers_bringup) by extensions ['ignore', 'ignore_ament_install']
[0.586s] Level 1:colcon.colcon_core.package_identification:_identify(src/mappers_bringup) by extension 'ignore'
[0.587s] Level 1:colcon.colcon_core.package_identification:_identify(src/mappers_bringup) by extension 'ignore_ament_install'
[0.587s] Level 1:colcon.colcon_core.package_identification:_identify(src/mappers_bringup) by extensions ['colcon_pkg']
[0.587s] Level 1:colcon.colcon_core.package_identification:_identify(src/mappers_bringup) by extension 'colcon_pkg'
[0.587s] Level 1:colcon.colcon_core.package_identification:_identify(src/mappers_bringup) by extensions ['colcon_meta']
[0.587s] Level 1:colcon.colcon_core.package_identification:_identify(src/mappers_bringup) by extension 'colcon_meta'
[0.587s] Level 1:colcon.colcon_core.package_identification:_identify(src/mappers_bringup) by extensions ['ros']
[0.587s] Level 1:colcon.colcon_core.package_identification:_identify(src/mappers_bringup) by extension 'ros'
[0.595s] DEBUG:colcon.colcon_core.package_identification:Package 'src/mappers_bringup' with type 'ros.ament_cmake' and name 'mappers_bringup'
[0.597s] Level 1:colcon.colcon_core.package_identification:_identify(src/nav2_read_rssi_at_waypoint_plugin) by extensions ['ignore', 'ignore_ament_install']
[0.597s] Level 1:colcon.colcon_core.package_identification:_identify(src/nav2_read_rssi_at_waypoint_plugin) by extension 'ignore'
[0.598s] Level 1:colcon.colcon_core.package_identification:_identify(src/nav2_read_rssi_at_waypoint_plugin) by extension 'ignore_ament_install'
[0.598s] Level 1:colcon.colcon_core.package_identification:_identify(src/nav2_read_rssi_at_waypoint_plugin) by extensions ['colcon_pkg']
[0.598s] Level 1:colcon.colcon_core.package_identification:_identify(src/nav2_read_rssi_at_waypoint_plugin) by extension 'colcon_pkg'
[0.598s] Level 1:colcon.colcon_core.package_identification:_identify(src/nav2_read_rssi_at_waypoint_plugin) by extensions ['colcon_meta']
[0.598s] Level 1:colcon.colcon_core.package_identification:_identify(src/nav2_read_rssi_at_waypoint_plugin) by extension 'colcon_meta'
[0.598s] Level 1:colcon.colcon_core.package_identification:_identify(src/nav2_read_rssi_at_waypoint_plugin) by extensions ['ros']
[0.598s] Level 1:colcon.colcon_core.package_identification:_identify(src/nav2_read_rssi_at_waypoint_plugin) by extension 'ros'
[0.601s] DEBUG:colcon.colcon_core.package_identification:Package 'src/nav2_read_rssi_at_waypoint_plugin' with type 'ros.ament_cmake' and name 'nav2_read_rssi_at_waypoint'
[0.602s] Level 1:colcon.colcon_core.package_identification:_identify(src/rosbot_interfaces) by extensions ['ignore', 'ignore_ament_install']
[0.602s] Level 1:colcon.colcon_core.package_identification:_identify(src/rosbot_interfaces) by extension 'ignore'
[0.603s] Level 1:colcon.colcon_core.package_identification:_identify(src/rosbot_interfaces) by extension 'ignore_ament_install'
[0.603s] Level 1:colcon.colcon_core.package_identification:_identify(src/rosbot_interfaces) by extensions ['colcon_pkg']
[0.603s] Level 1:colcon.colcon_core.package_identification:_identify(src/rosbot_interfaces) by extension 'colcon_pkg'
[0.604s] Level 1:colcon.colcon_core.package_identification:_identify(src/rosbot_interfaces) by extensions ['colcon_meta']
[0.604s] Level 1:colcon.colcon_core.package_identification:_identify(src/rosbot_interfaces) by extension 'colcon_meta'
[0.604s] Level 1:colcon.colcon_core.package_identification:_identify(src/rosbot_interfaces) by extensions ['ros']
[0.604s] Level 1:colcon.colcon_core.package_identification:_identify(src/rosbot_interfaces) by extension 'ros'
[0.607s] DEBUG:colcon.colcon_core.package_identification:Package 'src/rosbot_interfaces' with type 'ros.ament_cmake' and name 'rosbot_interfaces'
[0.607s] Level 1:colcon.colcon_core.package_identification:_identify(src/rssi_heatmap_generator_package) by extensions ['ignore', 'ignore_ament_install']
[0.607s] Level 1:colcon.colcon_core.package_identification:_identify(src/rssi_heatmap_generator_package) by extension 'ignore'
[0.607s] Level 1:colcon.colcon_core.package_identification:_identify(src/rssi_heatmap_generator_package) by extension 'ignore_ament_install'
[0.608s] Level 1:colcon.colcon_core.package_identification:_identify(src/rssi_heatmap_generator_package) by extensions ['colcon_pkg']
[0.608s] Level 1:colcon.colcon_core.package_identification:_identify(src/rssi_heatmap_generator_package) by extension 'colcon_pkg'
[0.608s] Level 1:colcon.colcon_core.package_identification:_identify(src/rssi_heatmap_generator_package) by extensions ['colcon_meta']
[0.608s] Level 1:colcon.colcon_core.package_identification:_identify(src/rssi_heatmap_generator_package) by extension 'colcon_meta'
[0.608s] Level 1:colcon.colcon_core.package_identification:_identify(src/rssi_heatmap_generator_package) by extensions ['ros']
[0.608s] Level 1:colcon.colcon_core.package_identification:_identify(src/rssi_heatmap_generator_package) by extension 'ros'
[0.610s] DEBUG:colcon.colcon_core.package_identification:Package 'src/rssi_heatmap_generator_package' with type 'ros.ament_python' and name 'rssi_heatmap_generator_package'
[0.611s] Level 1:colcon.colcon_core.package_identification:_identify(src/waypoint_publisher_package) by extensions ['ignore', 'ignore_ament_install']
[0.611s] Level 1:colcon.colcon_core.package_identification:_identify(src/waypoint_publisher_package) by extension 'ignore'
[0.611s] Level 1:colcon.colcon_core.package_identification:_identify(src/waypoint_publisher_package) by extension 'ignore_ament_install'
[0.612s] Level 1:colcon.colcon_core.package_identification:_identify(src/waypoint_publisher_package) by extensions ['colcon_pkg']
[0.612s] Level 1:colcon.colcon_core.package_identification:_identify(src/waypoint_publisher_package) by extension 'colcon_pkg'
[0.612s] Level 1:colcon.colcon_core.package_identification:_identify(src/waypoint_publisher_package) by extensions ['colcon_meta']
[0.612s] Level 1:colcon.colcon_core.package_identification:_identify(src/waypoint_publisher_package) by extension 'colcon_meta'
[0.612s] Level 1:colcon.colcon_core.package_identification:_identify(src/waypoint_publisher_package) by extensions ['ros']
[0.613s] Level 1:colcon.colcon_core.package_identification:_identify(src/waypoint_publisher_package) by extension 'ros'
[0.615s] DEBUG:colcon.colcon_core.package_identification:Package 'src/waypoint_publisher_package' with type 'ros.ament_python' and name 'waypoint_publisher_package'
[0.615s] Level 1:colcon.colcon_core.package_discovery:discover_packages(recursive) using defaults
[0.615s] Level 1:colcon.colcon_core.package_discovery:discover_packages(ignore) discover
[0.615s] Level 1:colcon.colcon_core.package_discovery:discover_packages(ignore) using defaults
[0.615s] Level 1:colcon.colcon_core.package_discovery:discover_packages(path) discover
[0.616s] Level 1:colcon.colcon_core.package_discovery:discover_packages(path) using defaults
[0.677s] Level 1:colcon.colcon_core.package_discovery:discover_packages(prefix_path) check parameters
[0.678s] Level 1:colcon.colcon_core.package_discovery:discover_packages(prefix_path) discover
[0.685s] DEBUG:colcon.colcon_installed_package_information.package_discovery:Found 5 installed packages in /home/sachin/rosbot-wifi-heatmap-sim/install
[0.690s] DEBUG:colcon.colcon_installed_package_information.package_discovery:Found 542 installed packages in /opt/ros/jazzy
[0.700s] Level 1:colcon.colcon_core.package_discovery:discover_packages(prefix_path) using defaults
[0.948s] Level 5:colcon.colcon_core.verb:set package 'rosbot_interfaces' build argument 'cmake_args' from command line to 'None'
[0.948s] Level 5:colcon.colcon_core.verb:set package 'rosbot_interfaces' build argument 'cmake_target' from command line to 'None'
[0.948s] Level 5:colcon.colcon_core.verb:set package 'rosbot_interfaces' build argument 'cmake_target_skip_unavailable' from command line to 'False'
[0.948s] Level 5:colcon.colcon_core.verb:set package 'rosbot_interfaces' build argument 'cmake_clean_cache' from command line to 'False'
[0.948s] Level 5:colcon.colcon_core.verb:set package 'rosbot_interfaces' build argument 'cmake_clean_first' from command line to 'False'
[0.948s] Level 5:colcon.colcon_core.verb:set package 'rosbot_interfaces' build argument 'cmake_force_configure' from command line to 'False'
[0.948s] Level 5:colcon.colcon_core.verb:set package 'rosbot_interfaces' build argument 'ament_cmake_args' from command line to 'None'
[0.948s] Level 5:colcon.colcon_core.verb:set package 'rosbot_interfaces' build argument 'catkin_cmake_args' from command line to 'None'
[0.948s] Level 5:colcon.colcon_core.verb:set package 'rosbot_interfaces' build argument 'catkin_skip_building_tests' from command line to 'False'
[0.949s] DEBUG:colcon.colcon_core.verb:Building package 'rosbot_interfaces' with the following arguments: {'ament_cmake_args': None, 'build_base': '/home/sachin/rosbot-wifi-heatmap-sim/build/rosbot_interfaces', 'catkin_cmake_args': None, 'catkin_skip_building_tests': False, 'cmake_args': None, 'cmake_clean_cache': False, 'cmake_clean_first': False, 'cmake_force_configure': False, 'cmake_target': None, 'cmake_target_skip_unavailable': False, 'install_base': '/home/sachin/rosbot-wifi-heatmap-sim/install/rosbot_interfaces', 'merge_install': False, 'path': '/home/sachin/rosbot-wifi-heatmap-sim/src/rosbot_interfaces', 'symlink_install': False, 'test_result_base': None}
[0.949s] Level 5:colcon.colcon_core.verb:set package 'waypoint_publisher_package' build argument 'cmake_args' from command line to 'None'
[0.949s] Level 5:colcon.colcon_core.verb:set package 'waypoint_publisher_package' build argument 'cmake_target' from command line to 'None'
[0.949s] Level 5:colcon.colcon_core.verb:set package 'waypoint_publisher_package' build argument 'cmake_target_skip_unavailable' from command line to 'False'
[0.949s] Level 5:colcon.colcon_core.verb:set package 'waypoint_publisher_package' build argument 'cmake_clean_cache' from command line to 'False'
[0.949s] Level 5:colcon.colcon_core.verb:set package 'waypoint_publisher_package' build argument 'cmake_clean_first' from command line to 'False'
[0.949s] Level 5:colcon.colcon_core.verb:set package 'waypoint_publisher_package' build argument 'cmake_force_configure' from command line to 'False'
[0.949s] Level 5:colcon.colcon_core.verb:set package 'waypoint_publisher_package' build argument 'ament_cmake_args' from command line to 'None'
[0.949s] Level 5:colcon.colcon_core.verb:set package 'waypoint_publisher_package' build argument 'catkin_cmake_args' from command line to 'None'
[0.949s] Level 5:colcon.colcon_core.verb:set package 'waypoint_publisher_package' build argument 'catkin_skip_building_tests' from command line to 'False'
[0.949s] DEBUG:colcon.colcon_core.verb:Building package 'waypoint_publisher_package' with the following arguments: {'ament_cmake_args': None, 'build_base': '/home/sachin/rosbot-wifi-heatmap-sim/build/waypoint_publisher_package', 'catkin_cmake_args': None, 'catkin_skip_building_tests': False, 'cmake_args': None, 'cmake_clean_cache': False, 'cmake_clean_first': False, 'cmake_force_configure': False, 'cmake_target': None, 'cmake_target_skip_unavailable': False, 'install_base': '/home/sachin/rosbot-wifi-heatmap-sim/install/waypoint_publisher_package', 'merge_install': False, 'path': '/home/sachin/rosbot-wifi-heatmap-sim/src/waypoint_publisher_package', 'symlink_install': False, 'test_result_base': None}
[0.950s] Level 5:colcon.colcon_core.verb:set package 'nav2_read_rssi_at_waypoint' build argument 'cmake_args' from command line to 'None'
[0.950s] Level 5:colcon.colcon_core.verb:set package 'nav2_read_rssi_at_waypoint' build argument 'cmake_target' from command line to 'None'
[0.950s] Level 5:colcon.colcon_core.verb:set package 'nav2_read_rssi_at_waypoint' build argument 'cmake_target_skip_unavailable' from command line to 'False'
[0.950s] Level 5:colcon.colcon_core.verb:set package 'nav2_read_rssi_at_waypoint' build argument 'cmake_clean_cache' from command line to 'False'
[0.950s] Level 5:colcon.colcon_core.verb:set package 'nav2_read_rssi_at_waypoint' build argument 'cmake_clean_first' from command line to 'False'
[0.950s] Level 5:colcon.colcon_core.verb:set package 'nav2_read_rssi_at_waypoint' build argument 'cmake_force_configure' from command line to 'False'
[0.950s] Level 5:colcon.colcon_core.verb:set package 'nav2_read_rssi_at_waypoint' build argument 'ament_cmake_args' from command line to 'None'
[0.950s] Level 5:colcon.colcon_core.verb:set package 'nav2_read_rssi_at_waypoint' build argument 'catkin_cmake_args' from command line to 'None'
[0.950s] Level 5:colcon.colcon_core.verb:set package 'nav2_read_rssi_at_waypoint' build argument 'catkin_skip_building_tests' from command line to 'False'
[0.950s] DEBUG:colcon.colcon_core.verb:Building package 'nav2_read_rssi_at_waypoint' with the following arguments: {'ament_cmake_args': None, 'build_base': '/home/sachin/rosbot-wifi-heatmap-sim/build/nav2_read_rssi_at_waypoint', 'catkin_cmake_args': None, 'catkin_skip_building_tests': False, 'cmake_args': None, 'cmake_clean_cache': False, 'cmake_clean_first': False, 'cmake_force_configure': False, 'cmake_target': None, 'cmake_target_skip_unavailable': False, 'install_base': '/home/sachin/rosbot-wifi-heatmap-sim/install/nav2_read_rssi_at_waypoint', 'merge_install': False, 'path': '/home/sachin/rosbot-wifi-heatmap-sim/src/nav2_read_rssi_at_waypoint_plugin', 'symlink_install': False, 'test_result_base': None}
[0.950s] Level 5:colcon.colcon_core.verb:set package 'rssi_heatmap_generator_package' build argument 'cmake_args' from command line to 'None'
[0.950s] Level 5:colcon.colcon_core.verb:set package 'rssi_heatmap_generator_package' build argument 'cmake_target' from command line to 'None'
[0.951s] Level 5:colcon.colcon_core.verb:set package 'rssi_heatmap_generator_package' build argument 'cmake_target_skip_unavailable' from command line to 'False'
[0.951s] Level 5:colcon.colcon_core.verb:set package 'rssi_heatmap_generator_package' build argument 'cmake_clean_cache' from command line to 'False'
[0.951s] Level 5:colcon.colcon_core.verb:set package 'rssi_heatmap_generator_package' build argument 'cmake_clean_first' from command line to 'False'
[0.951s] Level 5:colcon.colcon_core.verb:set package 'rssi_heatmap_generator_package' build argument 'cmake_force_configure' from command line to 'False'
[0.951s] Level 5:colcon.colcon_core.verb:set package 'rssi_heatmap_generator_package' build argument 'ament_cmake_args' from command line to 'None'
[0.951s] Level 5:colcon.colcon_core.verb:set package 'rssi_heatmap_generator_package' build argument 'catkin_cmake_args' from command line to 'None'
[0.951s] Level 5:colcon.colcon_core.verb:set package 'rssi_heatmap_generator_package' build argument 'catkin_skip_building_tests' from command line to 'False'
[0.951s] DEBUG:colcon.colcon_core.verb:Building package 'rssi_heatmap_generator_package' with the following arguments: {'ament_cmake_args': None, 'build_base': '/home/sachin/rosbot-wifi-heatmap-sim/build/rssi_heatmap_generator_package', 'catkin_cmake_args': None, 'catkin_skip_building_tests': False, 'cmake_args': None, 'cmake_clean_cache': False, 'cmake_clean_first': False, 'cmake_force_configure': False, 'cmake_target': None, 'cmake_target_skip_unavailable': False, 'install_base': '/home/sachin/rosbot-wifi-heatmap-sim/install/rssi_heatmap_generator_package', 'merge_install': False, 'path': '/home/sachin/rosbot-wifi-heatmap-sim/src/rssi_heatmap_generator_package', 'symlink_install': False, 'test_result_base': None}
[0.951s] Level 5:colcon.colcon_core.verb:set package 'mappers_bringup' build argument 'cmake_args' from command line to 'None'
[0.951s] Level 5:colcon.colcon_core.verb:set package 'mappers_bringup' build argument 'cmake_target' from command line to 'None'
[0.951s] Level 5:colcon.colcon_core.verb:set package 'mappers_bringup' build argument 'cmake_target_skip_unavailable' from command line to 'False'
[0.951s] Level 5:colcon.colcon_core.verb:set package 'mappers_bringup' build argument 'cmake_clean_cache' from command line to 'False'
[0.951s] Level 5:colcon.colcon_core.verb:set package 'mappers_bringup' build argument 'cmake_clean_first' from command line to 'False'
[0.951s] Level 5:colcon.colcon_core.verb:set package 'mappers_bringup' build argument 'cmake_force_configure' from command line to 'False'
[0.951s] Level 5:colcon.colcon_core.verb:set package 'mappers_bringup' build argument 'ament_cmake_args' from command line to 'None'
[0.951s] Level 5:colcon.colcon_core.verb:set package 'mappers_bringup' build argument 'catkin_cmake_args' from command line to 'None'
[0.952s] Level 5:colcon.colcon_core.verb:set package 'mappers_bringup' build argument 'catkin_skip_building_tests' from command line to 'False'
[0.952s] DEBUG:colcon.colcon_core.verb:Building package 'mappers_bringup' with the following arguments: {'ament_cmake_args': None, 'build_base': '/home/sachin/rosbot-wifi-heatmap-sim/build/mappers_bringup', 'catkin_cmake_args': None, 'catkin_skip_building_tests': False, 'cmake_args': None, 'cmake_clean_cache': False, 'cmake_clean_first': False, 'cmake_force_configure': False, 'cmake_target': None, 'cmake_target_skip_unavailable': False, 'install_base': '/home/sachin/rosbot-wifi-heatmap-sim/install/mappers_bringup', 'merge_install': False, 'path': '/home/sachin/rosbot-wifi-heatmap-sim/src/mappers_bringup', 'symlink_install': False, 'test_result_base': None}
[0.952s] INFO:colcon.colcon_core.executor:Executing jobs using 'parallel' executor
[0.954s] DEBUG:colcon.colcon_parallel_executor.executor.parallel:run_until_complete
[0.955s] INFO:colcon.colcon_ros.task.ament_cmake.build:Building ROS package in '/home/sachin/rosbot-wifi-heatmap-sim/src/rosbot_interfaces' with build type 'ament_cmake'
[0.956s] INFO:colcon.colcon_cmake.task.cmake.build:Building CMake package in '/home/sachin/rosbot-wifi-heatmap-sim/src/rosbot_interfaces'
[0.962s] INFO:colcon.colcon_core.plugin_system:Skipping extension 'colcon_core.shell.bat': Not used on non-Windows systems
[0.963s] INFO:colcon.colcon_core.shell:Skip shell extension 'powershell' for command environment: Not usable outside of PowerShell
[0.963s] DEBUG:colcon.colcon_core.shell:Skip shell extension 'dsv' for command environment
[0.972s] INFO:colcon.colcon_ros.task.ament_python.build:Building ROS package in '/home/sachin/rosbot-wifi-heatmap-sim/src/waypoint_publisher_package' with build type 'ament_python'
[0.972s] Level 1:colcon.colcon_core.shell:create_environment_hook('waypoint_publisher_package', 'ament_prefix_path')
[0.974s] INFO:colcon.colcon_core.shell:Creating environment hook '/home/sachin/rosbot-wifi-heatmap-sim/install/waypoint_publisher_package/share/waypoint_publisher_package/hook/ament_prefix_path.ps1'
[0.977s] INFO:colcon.colcon_core.shell:Creating environment descriptor '/home/sachin/rosbot-wifi-heatmap-sim/install/waypoint_publisher_package/share/waypoint_publisher_package/hook/ament_prefix_path.dsv'
[0.979s] INFO:colcon.colcon_core.shell:Creating environment hook '/home/sachin/rosbot-wifi-heatmap-sim/install/waypoint_publisher_package/share/waypoint_publisher_package/hook/ament_prefix_path.sh'
[0.981s] INFO:colcon.colcon_core.shell:Skip shell extension 'powershell' for command environment: Not usable outside of PowerShell
[0.982s] DEBUG:colcon.colcon_core.shell:Skip shell extension 'dsv' for command environment
[1.012s] DEBUG:colcon.colcon_core.event_handler.log_command:Invoking command in '/home/sachin/rosbot-wifi-heatmap-sim/build/rosbot_interfaces': CMAKE_PREFIX_PATH=${CMAKE_PREFIX_PATH}:/home/sachin/rosbot-wifi-heatmap-sim/install/waypoint_publisher_package:/home/sachin/rosbot-wifi-heatmap-sim/install/rssi_heatmap_generator_package:/opt/ros/jazzy DEBUGINFOD_URLS=https://debuginfod.ubuntu.com PS1=(.ros2_venv) \[\e]0;\u@\h: \w\a\]${debian_chroot:+($debian_chroot)}\[\033[01;32m\]\u@\h\[\033[00m\]:\[\033[01;34m\]\w\[\033[00m\]\$ VIRTUAL_ENV_PROMPT=(.ros2_venv) /usr/bin/cmake --build /home/sachin/rosbot-wifi-heatmap-sim/build/rosbot_interfaces -- -j12 -l12
[1.772s] INFO:colcon.colcon_core.task.python.build:Building Python package in '/home/sachin/rosbot-wifi-heatmap-sim/src/waypoint_publisher_package'
[1.775s] INFO:colcon.colcon_core.shell:Skip shell extension 'powershell' for command environment: Not usable outside of PowerShell
[1.777s] DEBUG:colcon.colcon_core.shell:Skip shell extension 'dsv' for command environment
[3.816s] DEBUG:colcon.colcon_core.event_handler.log_command:Invoking command in '/home/sachin/rosbot-wifi-heatmap-sim/src/waypoint_publisher_package': DEBUGINFOD_URLS=https://debuginfod.ubuntu.com PS1=(.ros2_venv) \[\e]0;\u@\h: \w\a\]${debian_chroot:+($debian_chroot)}\[\033[01;32m\]\u@\h\[\033[00m\]:\[\033[01;34m\]\w\[\033[00m\]\$ PYTHONPATH=/home/sachin/rosbot-wifi-heatmap-sim/build/waypoint_publisher_package/prefix_override:/usr/lib/python3/dist-packages/colcon_core/task/python/colcon_distutils_commands:/home/sachin/rosbot-wifi-heatmap-sim/install/waypoint_publisher_package/lib/python3.12/site-packages:${PYTHONPATH} VIRTUAL_ENV_PROMPT=(.ros2_venv) /usr/bin/python3 -W ignore:setup.py install is deprecated -W ignore:easy_install command is deprecated setup.py egg_info --egg-base ../../build/waypoint_publisher_package build --build-base /home/sachin/rosbot-wifi-heatmap-sim/build/waypoint_publisher_package/build install --record /home/sachin/rosbot-wifi-heatmap-sim/build/waypoint_publisher_package/install.log --single-version-externally-managed install_data
[3.900s] DEBUG:colcon.colcon_core.event_handler.log_command:Invoked command in '/home/sachin/rosbot-wifi-heatmap-sim/build/rosbot_interfaces' returned '0': CMAKE_PREFIX_PATH=${CMAKE_PREFIX_PATH}:/home/sachin/rosbot-wifi-heatmap-sim/install/waypoint_publisher_package:/home/sachin/rosbot-wifi-heatmap-sim/install/rssi_heatmap_generator_package:/opt/ros/jazzy DEBUGINFOD_URLS=https://debuginfod.ubuntu.com PS1=(.ros2_venv) \[\e]0;\u@\h: \w\a\]${debian_chroot:+($debian_chroot)}\[\033[01;32m\]\u@\h\[\033[00m\]:\[\033[01;34m\]\w\[\033[00m\]\$ VIRTUAL_ENV_PROMPT=(.ros2_venv) /usr/bin/cmake --build /home/sachin/rosbot-wifi-heatmap-sim/build/rosbot_interfaces -- -j12 -l12
[3.926s] DEBUG:colcon.colcon_core.event_handler.log_command:Invoking command in '/home/sachin/rosbot-wifi-heatmap-sim/build/rosbot_interfaces': CMAKE_PREFIX_PATH=${CMAKE_PREFIX_PATH}:/home/sachin/rosbot-wifi-heatmap-sim/install/waypoint_publisher_package:/home/sachin/rosbot-wifi-heatmap-sim/install/rssi_heatmap_generator_package:/opt/ros/jazzy DEBUGINFOD_URLS=https://debuginfod.ubuntu.com PS1=(.ros2_venv) \[\e]0;\u@\h: \w\a\]${debian_chroot:+($debian_chroot)}\[\033[01;32m\]\u@\h\[\033[00m\]:\[\033[01;34m\]\w\[\033[00m\]\$ VIRTUAL_ENV_PROMPT=(.ros2_venv) /usr/bin/cmake --install /home/sachin/rosbot-wifi-heatmap-sim/build/rosbot_interfaces
[4.186s] Level 1:colcon.colcon_core.environment:create_environment_scripts_only(rosbot_interfaces)
[4.192s] DEBUG:colcon.colcon_core.event_handler.log_command:Invoked command in '/home/sachin/rosbot-wifi-heatmap-sim/build/rosbot_interfaces' returned '0': CMAKE_PREFIX_PATH=${CMAKE_PREFIX_PATH}:/home/sachin/rosbot-wifi-heatmap-sim/install/waypoint_publisher_package:/home/sachin/rosbot-wifi-heatmap-sim/install/rssi_heatmap_generator_package:/opt/ros/jazzy DEBUGINFOD_URLS=https://debuginfod.ubuntu.com PS1=(.ros2_venv) \[\e]0;\u@\h: \w\a\]${debian_chroot:+($debian_chroot)}\[\033[01;32m\]\u@\h\[\033[00m\]:\[\033[01;34m\]\w\[\033[00m\]\$ VIRTUAL_ENV_PROMPT=(.ros2_venv) /usr/bin/cmake --install /home/sachin/rosbot-wifi-heatmap-sim/build/rosbot_interfaces
[4.196s] Level 1:colcon.colcon_core.environment:checking '/home/sachin/rosbot-wifi-heatmap-sim/install/rosbot_interfaces' for CMake module files
[4.200s] Level 1:colcon.colcon_core.environment:checking '/home/sachin/rosbot-wifi-heatmap-sim/install/rosbot_interfaces' for CMake config files
[4.201s] Level 1:colcon.colcon_core.shell:create_environment_hook('rosbot_interfaces', 'cmake_prefix_path')
[4.203s] INFO:colcon.colcon_core.shell:Creating environment hook '/home/sachin/rosbot-wifi-heatmap-sim/install/rosbot_interfaces/share/rosbot_interfaces/hook/cmake_prefix_path.ps1'
[4.205s] INFO:colcon.colcon_core.shell:Creating environment descriptor '/home/sachin/rosbot-wifi-heatmap-sim/install/rosbot_interfaces/share/rosbot_interfaces/hook/cmake_prefix_path.dsv'
[4.208s] INFO:colcon.colcon_core.shell:Creating environment hook '/home/sachin/rosbot-wifi-heatmap-sim/install/rosbot_interfaces/share/rosbot_interfaces/hook/cmake_prefix_path.sh'
[4.212s] Level 1:colcon.colcon_core.environment:checking '/home/sachin/rosbot-wifi-heatmap-sim/install/rosbot_interfaces/lib'
[4.213s] Level 1:colcon.colcon_core.shell:create_environment_hook('rosbot_interfaces', 'ld_library_path_lib')
[4.215s] INFO:colcon.colcon_core.shell:Creating environment hook '/home/sachin/rosbot-wifi-heatmap-sim/install/rosbot_interfaces/share/rosbot_interfaces/hook/ld_library_path_lib.ps1'
[4.217s] INFO:colcon.colcon_core.shell:Creating environment descriptor '/home/sachin/rosbot-wifi-heatmap-sim/install/rosbot_interfaces/share/rosbot_interfaces/hook/ld_library_path_lib.dsv'
[4.220s] INFO:colcon.colcon_core.shell:Creating environment hook '/home/sachin/rosbot-wifi-heatmap-sim/install/rosbot_interfaces/share/rosbot_interfaces/hook/ld_library_path_lib.sh'
[4.222s] Level 1:colcon.colcon_core.environment:checking '/home/sachin/rosbot-wifi-heatmap-sim/install/rosbot_interfaces/bin'
[4.222s] Level 1:colcon.colcon_core.environment:checking '/home/sachin/rosbot-wifi-heatmap-sim/install/rosbot_interfaces/lib/pkgconfig/rosbot_interfaces.pc'
[4.223s] Level 1:colcon.colcon_core.environment:checking '/home/sachin/rosbot-wifi-heatmap-sim/install/rosbot_interfaces/lib/python3.12/site-packages'
[4.224s] Level 1:colcon.colcon_core.shell:create_environment_hook('rosbot_interfaces', 'pythonpath')
[4.224s] INFO:colcon.colcon_core.shell:Creating environment hook '/home/sachin/rosbot-wifi-heatmap-sim/install/rosbot_interfaces/share/rosbot_interfaces/hook/pythonpath.ps1'
[4.227s] INFO:colcon.colcon_core.shell:Creating environment descriptor '/home/sachin/rosbot-wifi-heatmap-sim/install/rosbot_interfaces/share/rosbot_interfaces/hook/pythonpath.dsv'
[4.229s] INFO:colcon.colcon_core.shell:Creating environment hook '/home/sachin/rosbot-wifi-heatmap-sim/install/rosbot_interfaces/share/rosbot_interfaces/hook/pythonpath.sh'
[4.231s] Level 1:colcon.colcon_core.environment:checking '/home/sachin/rosbot-wifi-heatmap-sim/install/rosbot_interfaces/bin'
[4.233s] INFO:colcon.colcon_core.shell:Creating package script '/home/sachin/rosbot-wifi-heatmap-sim/install/rosbot_interfaces/share/rosbot_interfaces/package.ps1'
[4.238s] INFO:colcon.colcon_core.shell:Creating package descriptor '/home/sachin/rosbot-wifi-heatmap-sim/install/rosbot_interfaces/share/rosbot_interfaces/package.dsv'
[4.241s] INFO:colcon.colcon_core.shell:Creating package script '/home/sachin/rosbot-wifi-heatmap-sim/install/rosbot_interfaces/share/rosbot_interfaces/package.sh'
[4.245s] INFO:colcon.colcon_core.shell:Creating package script '/home/sachin/rosbot-wifi-heatmap-sim/install/rosbot_interfaces/share/rosbot_interfaces/package.bash'
[4.249s] INFO:colcon.colcon_core.shell:Creating package script '/home/sachin/rosbot-wifi-heatmap-sim/install/rosbot_interfaces/share/rosbot_interfaces/package.zsh'
[4.251s] Level 1:colcon.colcon_core.environment:create_file_with_runtime_dependencies(/home/sachin/rosbot-wifi-heatmap-sim/install/rosbot_interfaces/share/colcon-core/packages/rosbot_interfaces)
[4.254s] Level 1:colcon.colcon_core.environment:create_environment_scripts_only(rosbot_interfaces)
[4.255s] Level 1:colcon.colcon_core.environment:checking '/home/sachin/rosbot-wifi-heatmap-sim/install/rosbot_interfaces' for CMake module files
[4.257s] Level 1:colcon.colcon_core.environment:checking '/home/sachin/rosbot-wifi-heatmap-sim/install/rosbot_interfaces' for CMake config files
[4.258s] Level 1:colcon.colcon_core.shell:create_environment_hook('rosbot_interfaces', 'cmake_prefix_path')
[4.259s] INFO:colcon.colcon_core.shell:Creating environment hook '/home/sachin/rosbot-wifi-heatmap-sim/install/rosbot_interfaces/share/rosbot_interfaces/hook/cmake_prefix_path.ps1'
[4.261s] INFO:colcon.colcon_core.shell:Creating environment descriptor '/home/sachin/rosbot-wifi-heatmap-sim/install/rosbot_interfaces/share/rosbot_interfaces/hook/cmake_prefix_path.dsv'
[4.262s] INFO:colcon.colcon_core.shell:Creating environment hook '/home/sachin/rosbot-wifi-heatmap-sim/install/rosbot_interfaces/share/rosbot_interfaces/hook/cmake_prefix_path.sh'
[4.264s] Level 1:colcon.colcon_core.environment:checking '/home/sachin/rosbot-wifi-heatmap-sim/install/rosbot_interfaces/lib'
[4.265s] Level 1:colcon.colcon_core.shell:create_environment_hook('rosbot_interfaces', 'ld_library_path_lib')
[4.265s] INFO:colcon.colcon_core.shell:Creating environment hook '/home/sachin/rosbot-wifi-heatmap-sim/install/rosbot_interfaces/share/rosbot_interfaces/hook/ld_library_path_lib.ps1'
[4.267s] INFO:colcon.colcon_core.shell:Creating environment descriptor '/home/sachin/rosbot-wifi-heatmap-sim/install/rosbot_interfaces/share/rosbot_interfaces/hook/ld_library_path_lib.dsv'
[4.269s] INFO:colcon.colcon_core.shell:Creating environment hook '/home/sachin/rosbot-wifi-heatmap-sim/install/rosbot_interfaces/share/rosbot_interfaces/hook/ld_library_path_lib.sh'
[4.270s] Level 1:colcon.colcon_core.environment:checking '/home/sachin/rosbot-wifi-heatmap-sim/install/rosbot_interfaces/bin'
[4.271s] Level 1:colcon.colcon_core.environment:checking '/home/sachin/rosbot-wifi-heatmap-sim/install/rosbot_interfaces/lib/pkgconfig/rosbot_interfaces.pc'
[4.272s] Level 1:colcon.colcon_core.environment:checking '/home/sachin/rosbot-wifi-heatmap-sim/install/rosbot_interfaces/lib/python3.12/site-packages'
[4.272s] Level 1:colcon.colcon_core.shell:create_environment_hook('rosbot_interfaces', 'pythonpath')
[4.273s] INFO:colcon.colcon_core.shell:Creating environment hook '/home/sachin/rosbot-wifi-heatmap-sim/install/rosbot_interfaces/share/rosbot_interfaces/hook/pythonpath.ps1'
[4.275s] INFO:colcon.colcon_core.shell:Creating environment descriptor '/home/sachin/rosbot-wifi-heatmap-sim/install/rosbot_interfaces/share/rosbot_interfaces/hook/pythonpath.dsv'
[4.278s] INFO:colcon.colcon_core.shell:Creating environment hook '/home/sachin/rosbot-wifi-heatmap-sim/install/rosbot_interfaces/share/rosbot_interfaces/hook/pythonpath.sh'
[4.280s] Level 1:colcon.colcon_core.environment:checking '/home/sachin/rosbot-wifi-heatmap-sim/install/rosbot_interfaces/bin'
[4.281s] INFO:colcon.colcon_core.shell:Creating package script '/home/sachin/rosbot-wifi-heatmap-sim/install/rosbot_interfaces/share/rosbot_interfaces/package.ps1'
[4.285s] INFO:colcon.colcon_core.shell:Creating package descriptor '/home/sachin/rosbot-wifi-heatmap-sim/install/rosbot_interfaces/share/rosbot_interfaces/package.dsv'
[4.288s] INFO:colcon.colcon_core.shell:Creating package script '/home/sachin/rosbot-wifi-heatmap-sim/install/rosbot_interfaces/share/rosbot_interfaces/package.sh'
[4.290s] INFO:colcon.colcon_core.shell:Creating package script '/home/sachin/rosbot-wifi-heatmap-sim/install/rosbot_interfaces/share/rosbot_interfaces/package.bash'
[4.292s] INFO:colcon.colcon_core.shell:Creating package script '/home/sachin/rosbot-wifi-heatmap-sim/install/rosbot_interfaces/share/rosbot_interfaces/package.zsh'
[4.294s] Level 1:colcon.colcon_core.environment:create_file_with_runtime_dependencies(/home/sachin/rosbot-wifi-heatmap-sim/install/rosbot_interfaces/share/colcon-core/packages/rosbot_interfaces)
[4.296s] INFO:colcon.colcon_ros.task.ament_cmake.build:Building ROS package in '/home/sachin/rosbot-wifi-heatmap-sim/src/nav2_read_rssi_at_waypoint_plugin' with build type 'ament_cmake'
[4.298s] INFO:colcon.colcon_cmake.task.cmake.build:Building CMake package in '/home/sachin/rosbot-wifi-heatmap-sim/src/nav2_read_rssi_at_waypoint_plugin'
[4.299s] INFO:colcon.colcon_core.shell:Skip shell extension 'powershell' for command environment: Not usable outside of PowerShell
[4.299s] DEBUG:colcon.colcon_core.shell:Skip shell extension 'dsv' for command environment
[4.317s] INFO:colcon.colcon_ros.task.ament_python.build:Building ROS package in '/home/sachin/rosbot-wifi-heatmap-sim/src/rssi_heatmap_generator_package' with build type 'ament_python'
[4.317s] Level 1:colcon.colcon_core.shell:create_environment_hook('rssi_heatmap_generator_package', 'ament_prefix_path')
[4.318s] INFO:colcon.colcon_core.shell:Creating environment hook '/home/sachin/rosbot-wifi-heatmap-sim/install/rssi_heatmap_generator_package/share/rssi_heatmap_generator_package/hook/ament_prefix_path.ps1'
[4.319s] INFO:colcon.colcon_core.shell:Creating environment descriptor '/home/sachin/rosbot-wifi-heatmap-sim/install/rssi_heatmap_generator_package/share/rssi_heatmap_generator_package/hook/ament_prefix_path.dsv'
[4.324s] INFO:colcon.colcon_core.shell:Creating environment hook '/home/sachin/rosbot-wifi-heatmap-sim/install/rssi_heatmap_generator_package/share/rssi_heatmap_generator_package/hook/ament_prefix_path.sh'
[4.327s] INFO:colcon.colcon_core.shell:Skip shell extension 'powershell' for command environment: Not usable outside of PowerShell
[4.328s] DEBUG:colcon.colcon_core.shell:Skip shell extension 'dsv' for command environment
[4.362s] DEBUG:colcon.colcon_core.event_handler.log_command:Invoking command in '/home/sachin/rosbot-wifi-heatmap-sim/build/nav2_read_rssi_at_waypoint': CMAKE_PREFIX_PATH=/home/sachin/rosbot-wifi-heatmap-sim/install/rosbot_interfaces:/home/sachin/rosbot-wifi-heatmap-sim/install/mappers_bringup:/home/sachin/rosbot-wifi-heatmap-sim/install/nav2_read_rssi_at_waypoint:/opt/ros/jazzy/opt/gz_sim_vendor:/opt/ros/jazzy/opt/gz_sensors_vendor:/opt/ros/jazzy/opt/gz_physics_vendor:/opt/ros/jazzy/opt/sdformat_vendor:/opt/ros/jazzy/opt/gz_gui_vendor:/opt/ros/jazzy/opt/gz_transport_vendor:/opt/ros/jazzy/opt/gz_rendering_vendor:/opt/ros/jazzy/opt/gz_plugin_vendor:/opt/ros/jazzy/opt/gz_fuel_tools_vendor:/opt/ros/jazzy/opt/gz_msgs_vendor:/opt/ros/jazzy/opt/gz_common_vendor:/opt/ros/jazzy/opt/gz_math_vendor:/opt/ros/jazzy/opt/gz_utils_vendor:/opt/ros/jazzy/opt/gz_tools_vendor:/opt/ros/jazzy/opt/gz_ogre_next_vendor:/opt/ros/jazzy/opt/gz_dartsim_vendor:/opt/ros/jazzy/opt/gz_cmake_vendor:/home/sachin/rosbot-wifi-heatmap-sim/install/waypoint_publisher_package:/home/sachin/rosbot-wifi-heatmap-sim/install/rssi_heatmap_generator_package:/opt/ros/jazzy DEBUGINFOD_URLS=https://debuginfod.ubuntu.com LD_LIBRARY_PATH=/home/sachin/rosbot-wifi-heatmap-sim/install/rosbot_interfaces/lib:/home/sachin/rosbot-wifi-heatmap-sim/install/nav2_read_rssi_at_waypoint/lib:/opt/ros/jazzy/opt/gz_sim_vendor/lib:/opt/ros/jazzy/opt/gz_sensors_vendor/lib:/opt/ros/jazzy/opt/gz_physics_vendor/lib:/opt/ros/jazzy/opt/sdformat_vendor/lib:/opt/ros/jazzy/opt/rviz_ogre_vendor/lib:/opt/ros/jazzy/lib/x86_64-linux-gnu:/opt/ros/jazzy/opt/gz_gui_vendor/lib:/opt/ros/jazzy/opt/gz_transport_vendor/lib:/opt/ros/jazzy/opt/gz_rendering_vendor/lib:/opt/ros/jazzy/opt/gz_plugin_vendor/lib:/opt/ros/jazzy/opt/gz_fuel_tools_vendor/lib:/opt/ros/jazzy/opt/gz_msgs_vendor/lib:/opt/ros/jazzy/opt/gz_common_vendor/lib:/opt/ros/jazzy/opt/gz_math_vendor/lib:/opt/ros/jazzy/opt/gz_utils_vendor/lib:/opt/ros/jazzy/opt/gz_tools_vendor/lib:/opt/ros/jazzy/opt/gz_ogre_next_vendor/lib:/opt/ros/jazzy/opt/gz_dartsim_vendor/lib:/opt/ros/jazzy/opt/gz_cmake_vendor/lib:/opt/ros/jazzy/lib PS1=(.ros2_venv) \[\e]0;\u@\h: \w\a\]${debian_chroot:+($debian_chroot)}\[\033[01;32m\]\u@\h\[\033[00m\]:\[\033[01;34m\]\w\[\033[00m\]\$ PYTHONPATH=/home/sachin/rosbot-wifi-heatmap-sim/install/rosbot_interfaces/lib/python3.12/site-packages:/home/sachin/rosbot-wifi-heatmap-sim/install/waypoint_publisher_package/lib/python3.12/site-packages:/home/sachin/rosbot-wifi-heatmap-sim/install/rssi_heatmap_generator_package/lib/python3.12/site-packages:/opt/ros/jazzy/lib/python3.12/site-packages VIRTUAL_ENV_PROMPT=(.ros2_venv) /usr/bin/cmake --build /home/sachin/rosbot-wifi-heatmap-sim/build/nav2_read_rssi_at_waypoint -- -j12 -l12
[5.205s] INFO:colcon.colcon_core.task.python.build:Building Python package in '/home/sachin/rosbot-wifi-heatmap-sim/src/rssi_heatmap_generator_package'
[5.206s] INFO:colcon.colcon_core.shell:Skip shell extension 'powershell' for command environment: Not usable outside of PowerShell
[5.206s] DEBUG:colcon.colcon_core.shell:Skip shell extension 'dsv' for command environment
[5.221s] DEBUG:colcon.colcon_core.event_handler.log_command:Invoked command in '/home/sachin/rosbot-wifi-heatmap-sim/build/nav2_read_rssi_at_waypoint' returned '0': CMAKE_PREFIX_PATH=/home/sachin/rosbot-wifi-heatmap-sim/install/rosbot_interfaces:/home/sachin/rosbot-wifi-heatmap-sim/install/mappers_bringup:/home/sachin/rosbot-wifi-heatmap-sim/install/nav2_read_rssi_at_waypoint:/opt/ros/jazzy/opt/gz_sim_vendor:/opt/ros/jazzy/opt/gz_sensors_vendor:/opt/ros/jazzy/opt/gz_physics_vendor:/opt/ros/jazzy/opt/sdformat_vendor:/opt/ros/jazzy/opt/gz_gui_vendor:/opt/ros/jazzy/opt/gz_transport_vendor:/opt/ros/jazzy/opt/gz_rendering_vendor:/opt/ros/jazzy/opt/gz_plugin_vendor:/opt/ros/jazzy/opt/gz_fuel_tools_vendor:/opt/ros/jazzy/opt/gz_msgs_vendor:/opt/ros/jazzy/opt/gz_common_vendor:/opt/ros/jazzy/opt/gz_math_vendor:/opt/ros/jazzy/opt/gz_utils_vendor:/opt/ros/jazzy/opt/gz_tools_vendor:/opt/ros/jazzy/opt/gz_ogre_next_vendor:/opt/ros/jazzy/opt/gz_dartsim_vendor:/opt/ros/jazzy/opt/gz_cmake_vendor:/home/sachin/rosbot-wifi-heatmap-sim/install/waypoint_publisher_package:/home/sachin/rosbot-wifi-heatmap-sim/install/rssi_heatmap_generator_package:/opt/ros/jazzy DEBUGINFOD_URLS=https://debuginfod.ubuntu.com LD_LIBRARY_PATH=/home/sachin/rosbot-wifi-heatmap-sim/install/rosbot_interfaces/lib:/home/sachin/rosbot-wifi-heatmap-sim/install/nav2_read_rssi_at_waypoint/lib:/opt/ros/jazzy/opt/gz_sim_vendor/lib:/opt/ros/jazzy/opt/gz_sensors_vendor/lib:/opt/ros/jazzy/opt/gz_physics_vendor/lib:/opt/ros/jazzy/opt/sdformat_vendor/lib:/opt/ros/jazzy/opt/rviz_ogre_vendor/lib:/opt/ros/jazzy/lib/x86_64-linux-gnu:/opt/ros/jazzy/opt/gz_gui_vendor/lib:/opt/ros/jazzy/opt/gz_transport_vendor/lib:/opt/ros/jazzy/opt/gz_rendering_vendor/lib:/opt/ros/jazzy/opt/gz_plugin_vendor/lib:/opt/ros/jazzy/opt/gz_fuel_tools_vendor/lib:/opt/ros/jazzy/opt/gz_msgs_vendor/lib:/opt/ros/jazzy/opt/gz_common_vendor/lib:/opt/ros/jazzy/opt/gz_math_vendor/lib:/opt/ros/jazzy/opt/gz_utils_vendor/lib:/opt/ros/jazzy/opt/gz_tools_vendor/lib:/opt/ros/jazzy/opt/gz_ogre_next_vendor/lib:/opt/ros/jazzy/opt/gz_dartsim_vendor/lib:/opt/ros/jazzy/opt/gz_cmake_vendor/lib:/opt/ros/jazzy/lib PS1=(.ros2_venv) \[\e]0;\u@\h: \w\a\]${debian_chroot:+($debian_chroot)}\[\033[01;32m\]\u@\h\[\033[00m\]:\[\033[01;34m\]\w\[\033[00m\]\$ PYTHONPATH=/home/sachin/rosbot-wifi-heatmap-sim/install/rosbot_interfaces/lib/python3.12/site-packages:/home/sachin/rosbot-wifi-heatmap-sim/install/waypoint_publisher_package/lib/python3.12/site-packages:/home/sachin/rosbot-wifi-heatmap-sim/install/rssi_heatmap_generator_package/lib/python3.12/site-packages:/opt/ros/jazzy/lib/python3.12/site-packages VIRTUAL_ENV_PROMPT=(.ros2_venv) /usr/bin/cmake --build /home/sachin/rosbot-wifi-heatmap-sim/build/nav2_read_rssi_at_waypoint -- -j12 -l12
[5.222s] DEBUG:colcon.colcon_core.event_handler.log_command:Invoking command in '/home/sachin/rosbot-wifi-heatmap-sim/build/nav2_read_rssi_at_waypoint': CMAKE_PREFIX_PATH=/home/sachin/rosbot-wifi-heatmap-sim/install/rosbot_interfaces:/home/sachin/rosbot-wifi-heatmap-sim/install/mappers_bringup:/home/sachin/rosbot-wifi-heatmap-sim/install/nav2_read_rssi_at_waypoint:/opt/ros/jazzy/opt/gz_sim_vendor:/opt/ros/jazzy/opt/gz_sensors_vendor:/opt/ros/jazzy/opt/gz_physics_vendor:/opt/ros/jazzy/opt/sdformat_vendor:/opt/ros/jazzy/opt/gz_gui_vendor:/opt/ros/jazzy/opt/gz_transport_vendor:/opt/ros/jazzy/opt/gz_rendering_vendor:/opt/ros/jazzy/opt/gz_plugin_vendor:/opt/ros/jazzy/opt/gz_fuel_tools_vendor:/opt/ros/jazzy/opt/gz_msgs_vendor:/opt/ros/jazzy/opt/gz_common_vendor:/opt/ros/jazzy/opt/gz_math_vendor:/opt/ros/jazzy/opt/gz_utils_vendor:/opt/ros/jazzy/opt/gz_tools_vendor:/opt/ros/jazzy/opt/gz_ogre_next_vendor:/opt/ros/jazzy/opt/gz_dartsim_vendor:/opt/ros/jazzy/opt/gz_cmake_vendor:/home/sachin/rosbot-wifi-heatmap-sim/install/waypoint_publisher_package:/home/sachin/rosbot-wifi-heatmap-sim/install/rssi_heatmap_generator_package:/opt/ros/jazzy DEBUGINFOD_URLS=https://debuginfod.ubuntu.com LD_LIBRARY_PATH=/home/sachin/rosbot-wifi-heatmap-sim/install/rosbot_interfaces/lib:/home/sachin/rosbot-wifi-heatmap-sim/install/nav2_read_rssi_at_waypoint/lib:/opt/ros/jazzy/opt/gz_sim_vendor/lib:/opt/ros/jazzy/opt/gz_sensors_vendor/lib:/opt/ros/jazzy/opt/gz_physics_vendor/lib:/opt/ros/jazzy/opt/sdformat_vendor/lib:/opt/ros/jazzy/opt/rviz_ogre_vendor/lib:/opt/ros/jazzy/lib/x86_64-linux-gnu:/opt/ros/jazzy/opt/gz_gui_vendor/lib:/opt/ros/jazzy/opt/gz_transport_vendor/lib:/opt/ros/jazzy/opt/gz_rendering_vendor/lib:/opt/ros/jazzy/opt/gz_plugin_vendor/lib:/opt/ros/jazzy/opt/gz_fuel_tools_vendor/lib:/opt/ros/jazzy/opt/gz_msgs_vendor/lib:/opt/ros/jazzy/opt/gz_common_vendor/lib:/opt/ros/jazzy/opt/gz_math_vendor/lib:/opt/ros/jazzy/opt/gz_utils_vendor/lib:/opt/ros/jazzy/opt/gz_tools_vendor/lib:/opt/ros/jazzy/opt/gz_ogre_next_vendor/lib:/opt/ros/jazzy/opt/gz_dartsim_vendor/lib:/opt/ros/jazzy/opt/gz_cmake_vendor/lib:/opt/ros/jazzy/lib PS1=(.ros2_venv) \[\e]0;\u@\h: \w\a\]${debian_chroot:+($debian_chroot)}\[\033[01;32m\]\u@\h\[\033[00m\]:\[\033[01;34m\]\w\[\033[00m\]\$ PYTHONPATH=/home/sachin/rosbot-wifi-heatmap-sim/install/rosbot_interfaces/lib/python3.12/site-packages:/home/sachin/rosbot-wifi-heatmap-sim/install/waypoint_publisher_package/lib/python3.12/site-packages:/home/sachin/rosbot-wifi-heatmap-sim/install/rssi_heatmap_generator_package/lib/python3.12/site-packages:/opt/ros/jazzy/lib/python3.12/site-packages VIRTUAL_ENV_PROMPT=(.ros2_venv) /usr/bin/cmake --install /home/sachin/rosbot-wifi-heatmap-sim/build/nav2_read_rssi_at_waypoint
[5.262s] Level 1:colcon.colcon_core.environment:create_environment_scripts_only(nav2_read_rssi_at_waypoint)
[5.263s] Level 1:colcon.colcon_core.environment:checking '/home/sachin/rosbot-wifi-heatmap-sim/install/nav2_read_rssi_at_waypoint' for CMake module files
[5.264s] Level 1:colcon.colcon_core.environment:checking '/home/sachin/rosbot-wifi-heatmap-sim/install/nav2_read_rssi_at_waypoint' for CMake config files
[5.265s] Level 1:colcon.colcon_core.shell:create_environment_hook('nav2_read_rssi_at_waypoint', 'cmake_prefix_path')
[5.266s] INFO:colcon.colcon_core.shell:Creating environment hook '/home/sachin/rosbot-wifi-heatmap-sim/install/nav2_read_rssi_at_waypoint/share/nav2_read_rssi_at_waypoint/hook/cmake_prefix_path.ps1'
[5.267s] DEBUG:colcon.colcon_core.event_handler.log_command:Invoked command in '/home/sachin/rosbot-wifi-heatmap-sim/build/nav2_read_rssi_at_waypoint' returned '0': CMAKE_PREFIX_PATH=/home/sachin/rosbot-wifi-heatmap-sim/install/rosbot_interfaces:/home/sachin/rosbot-wifi-heatmap-sim/install/mappers_bringup:/home/sachin/rosbot-wifi-heatmap-sim/install/nav2_read_rssi_at_waypoint:/opt/ros/jazzy/opt/gz_sim_vendor:/opt/ros/jazzy/opt/gz_sensors_vendor:/opt/ros/jazzy/opt/gz_physics_vendor:/opt/ros/jazzy/opt/sdformat_vendor:/opt/ros/jazzy/opt/gz_gui_vendor:/opt/ros/jazzy/opt/gz_transport_vendor:/opt/ros/jazzy/opt/gz_rendering_vendor:/opt/ros/jazzy/opt/gz_plugin_vendor:/opt/ros/jazzy/opt/gz_fuel_tools_vendor:/opt/ros/jazzy/opt/gz_msgs_vendor:/opt/ros/jazzy/opt/gz_common_vendor:/opt/ros/jazzy/opt/gz_math_vendor:/opt/ros/jazzy/opt/gz_utils_vendor:/opt/ros/jazzy/opt/gz_tools_vendor:/opt/ros/jazzy/opt/gz_ogre_next_vendor:/opt/ros/jazzy/opt/gz_dartsim_vendor:/opt/ros/jazzy/opt/gz_cmake_vendor:/home/sachin/rosbot-wifi-heatmap-sim/install/waypoint_publisher_package:/home/sachin/rosbot-wifi-heatmap-sim/install/rssi_heatmap_generator_package:/opt/ros/jazzy DEBUGINFOD_URLS=https://debuginfod.ubuntu.com LD_LIBRARY_PATH=/home/sachin/rosbot-wifi-heatmap-sim/install/rosbot_interfaces/lib:/home/sachin/rosbot-wifi-heatmap-sim/install/nav2_read_rssi_at_waypoint/lib:/opt/ros/jazzy/opt/gz_sim_vendor/lib:/opt/ros/jazzy/opt/gz_sensors_vendor/lib:/opt/ros/jazzy/opt/gz_physics_vendor/lib:/opt/ros/jazzy/opt/sdformat_vendor/lib:/opt/ros/jazzy/opt/rviz_ogre_vendor/lib:/opt/ros/jazzy/lib/x86_64-linux-gnu:/opt/ros/jazzy/opt/gz_gui_vendor/lib:/opt/ros/jazzy/opt/gz_transport_vendor/lib:/opt/ros/jazzy/opt/gz_rendering_vendor/lib:/opt/ros/jazzy/opt/gz_plugin_vendor/lib:/opt/ros/jazzy/opt/gz_fuel_tools_vendor/lib:/opt/ros/jazzy/opt/gz_msgs_vendor/lib:/opt/ros/jazzy/opt/gz_common_vendor/lib:/opt/ros/jazzy/opt/gz_math_vendor/lib:/opt/ros/jazzy/opt/gz_utils_vendor/lib:/opt/ros/jazzy/opt/gz_tools_vendor/lib:/opt/ros/jazzy/opt/gz_ogre_next_vendor/lib:/opt/ros/jazzy/opt/gz_dartsim_vendor/lib:/opt/ros/jazzy/opt/gz_cmake_vendor/lib:/opt/ros/jazzy/lib PS1=(.ros2_venv) \[\e]0;\u@\h: \w\a\]${debian_chroot:+($debian_chroot)}\[\033[01;32m\]\u@\h\[\033[00m\]:\[\033[01;34m\]\w\[\033[00m\]\$ PYTHONPATH=/home/sachin/rosbot-wifi-heatmap-sim/install/rosbot_interfaces/lib/python3.12/site-packages:/home/sachin/rosbot-wifi-heatmap-sim/install/waypoint_publisher_package/lib/python3.12/site-packages:/home/sachin/rosbot-wifi-heatmap-sim/install/rssi_heatmap_generator_package/lib/python3.12/site-packages:/opt/ros/jazzy/lib/python3.12/site-packages VIRTUAL_ENV_PROMPT=(.ros2_venv) /usr/bin/cmake --install /home/sachin/rosbot-wifi-heatmap-sim/build/nav2_read_rssi_at_waypoint
[5.271s] INFO:colcon.colcon_core.shell:Creating environment descriptor '/home/sachin/rosbot-wifi-heatmap-sim/install/nav2_read_rssi_at_waypoint/share/nav2_read_rssi_at_waypoint/hook/cmake_prefix_path.dsv'
[5.272s] INFO:colcon.colcon_core.shell:Creating environment hook '/home/sachin/rosbot-wifi-heatmap-sim/install/nav2_read_rssi_at_waypoint/share/nav2_read_rssi_at_waypoint/hook/cmake_prefix_path.sh'
[5.275s] Level 1:colcon.colcon_core.environment:checking '/home/sachin/rosbot-wifi-heatmap-sim/install/nav2_read_rssi_at_waypoint/lib'
[5.276s] Level 1:colcon.colcon_core.shell:create_environment_hook('nav2_read_rssi_at_waypoint', 'ld_library_path_lib')
[5.276s] INFO:colcon.colcon_core.shell:Creating environment hook '/home/sachin/rosbot-wifi-heatmap-sim/install/nav2_read_rssi_at_waypoint/share/nav2_read_rssi_at_waypoint/hook/ld_library_path_lib.ps1'
[5.279s] INFO:colcon.colcon_core.shell:Creating environment descriptor '/home/sachin/rosbot-wifi-heatmap-sim/install/nav2_read_rssi_at_waypoint/share/nav2_read_rssi_at_waypoint/hook/ld_library_path_lib.dsv'
[5.280s] INFO:colcon.colcon_core.shell:Creating environment hook '/home/sachin/rosbot-wifi-heatmap-sim/install/nav2_read_rssi_at_waypoint/share/nav2_read_rssi_at_waypoint/hook/ld_library_path_lib.sh'
[5.281s] Level 1:colcon.colcon_core.environment:checking '/home/sachin/rosbot-wifi-heatmap-sim/install/nav2_read_rssi_at_waypoint/bin'
[5.281s] Level 1:colcon.colcon_core.environment:checking '/home/sachin/rosbot-wifi-heatmap-sim/install/nav2_read_rssi_at_waypoint/lib/pkgconfig/nav2_read_rssi_at_waypoint.pc'
[5.281s] Level 1:colcon.colcon_core.environment:checking '/home/sachin/rosbot-wifi-heatmap-sim/install/nav2_read_rssi_at_waypoint/lib/python3.12/site-packages'
[5.282s] Level 1:colcon.colcon_core.environment:checking '/home/sachin/rosbot-wifi-heatmap-sim/install/nav2_read_rssi_at_waypoint/bin'
[5.283s] INFO:colcon.colcon_core.shell:Creating package script '/home/sachin/rosbot-wifi-heatmap-sim/install/nav2_read_rssi_at_waypoint/share/nav2_read_rssi_at_waypoint/package.ps1'
[5.287s] INFO:colcon.colcon_core.shell:Creating package descriptor '/home/sachin/rosbot-wifi-heatmap-sim/install/nav2_read_rssi_at_waypoint/share/nav2_read_rssi_at_waypoint/package.dsv'
[5.289s] INFO:colcon.colcon_core.shell:Creating package script '/home/sachin/rosbot-wifi-heatmap-sim/install/nav2_read_rssi_at_waypoint/share/nav2_read_rssi_at_waypoint/package.sh'
[5.291s] INFO:colcon.colcon_core.shell:Creating package script '/home/sachin/rosbot-wifi-heatmap-sim/install/nav2_read_rssi_at_waypoint/share/nav2_read_rssi_at_waypoint/package.bash'
[5.293s] INFO:colcon.colcon_core.shell:Creating package script '/home/sachin/rosbot-wifi-heatmap-sim/install/nav2_read_rssi_at_waypoint/share/nav2_read_rssi_at_waypoint/package.zsh'
[5.295s] Level 1:colcon.colcon_core.environment:create_file_with_runtime_dependencies(/home/sachin/rosbot-wifi-heatmap-sim/install/nav2_read_rssi_at_waypoint/share/colcon-core/packages/nav2_read_rssi_at_waypoint)
[5.298s] Level 1:colcon.colcon_core.environment:create_environment_scripts_only(nav2_read_rssi_at_waypoint)
[5.299s] Level 1:colcon.colcon_core.environment:checking '/home/sachin/rosbot-wifi-heatmap-sim/install/nav2_read_rssi_at_waypoint' for CMake module files
[5.300s] Level 1:colcon.colcon_core.environment:checking '/home/sachin/rosbot-wifi-heatmap-sim/install/nav2_read_rssi_at_waypoint' for CMake config files
[5.300s] Level 1:colcon.colcon_core.shell:create_environment_hook('nav2_read_rssi_at_waypoint', 'cmake_prefix_path')
[5.301s] INFO:colcon.colcon_core.shell:Creating environment hook '/home/sachin/rosbot-wifi-heatmap-sim/install/nav2_read_rssi_at_waypoint/share/nav2_read_rssi_at_waypoint/hook/cmake_prefix_path.ps1'
[5.302s] INFO:colcon.colcon_core.shell:Creating environment descriptor '/home/sachin/rosbot-wifi-heatmap-sim/install/nav2_read_rssi_at_waypoint/share/nav2_read_rssi_at_waypoint/hook/cmake_prefix_path.dsv'
[5.302s] INFO:colcon.colcon_core.shell:Creating environment hook '/home/sachin/rosbot-wifi-heatmap-sim/install/nav2_read_rssi_at_waypoint/share/nav2_read_rssi_at_waypoint/hook/cmake_prefix_path.sh'
[5.303s] Level 1:colcon.colcon_core.environment:checking '/home/sachin/rosbot-wifi-heatmap-sim/install/nav2_read_rssi_at_waypoint/lib'
[5.304s] Level 1:colcon.colcon_core.shell:create_environment_hook('nav2_read_rssi_at_waypoint', 'ld_library_path_lib')
[5.304s] INFO:colcon.colcon_core.shell:Creating environment hook '/home/sachin/rosbot-wifi-heatmap-sim/install/nav2_read_rssi_at_waypoint/share/nav2_read_rssi_at_waypoint/hook/ld_library_path_lib.ps1'
[5.306s] INFO:colcon.colcon_core.shell:Creating environment descriptor '/home/sachin/rosbot-wifi-heatmap-sim/install/nav2_read_rssi_at_waypoint/share/nav2_read_rssi_at_waypoint/hook/ld_library_path_lib.dsv'
[5.308s] INFO:colcon.colcon_core.shell:Creating environment hook '/home/sachin/rosbot-wifi-heatmap-sim/install/nav2_read_rssi_at_waypoint/share/nav2_read_rssi_at_waypoint/hook/ld_library_path_lib.sh'
[5.310s] Level 1:colcon.colcon_core.environment:checking '/home/sachin/rosbot-wifi-heatmap-sim/install/nav2_read_rssi_at_waypoint/bin'
[5.311s] Level 1:colcon.colcon_core.environment:checking '/home/sachin/rosbot-wifi-heatmap-sim/install/nav2_read_rssi_at_waypoint/lib/pkgconfig/nav2_read_rssi_at_waypoint.pc'
[5.312s] Level 1:colcon.colcon_core.environment:checking '/home/sachin/rosbot-wifi-heatmap-sim/install/nav2_read_rssi_at_waypoint/lib/python3.12/site-packages'
[5.313s] Level 1:colcon.colcon_core.environment:checking '/home/sachin/rosbot-wifi-heatmap-sim/install/nav2_read_rssi_at_waypoint/bin'
[5.314s] INFO:colcon.colcon_core.shell:Creating package script '/home/sachin/rosbot-wifi-heatmap-sim/install/nav2_read_rssi_at_waypoint/share/nav2_read_rssi_at_waypoint/package.ps1'
[5.317s] INFO:colcon.colcon_core.shell:Creating package descriptor '/home/sachin/rosbot-wifi-heatmap-sim/install/nav2_read_rssi_at_waypoint/share/nav2_read_rssi_at_waypoint/package.dsv'
[5.319s] INFO:colcon.colcon_core.shell:Creating package script '/home/sachin/rosbot-wifi-heatmap-sim/install/nav2_read_rssi_at_waypoint/share/nav2_read_rssi_at_waypoint/package.sh'
[5.322s] INFO:colcon.colcon_core.shell:Creating package script '/home/sachin/rosbot-wifi-heatmap-sim/install/nav2_read_rssi_at_waypoint/share/nav2_read_rssi_at_waypoint/package.bash'
[5.324s] INFO:colcon.colcon_core.shell:Creating package script '/home/sachin/rosbot-wifi-heatmap-sim/install/nav2_read_rssi_at_waypoint/share/nav2_read_rssi_at_waypoint/package.zsh'
[5.326s] Level 1:colcon.colcon_core.environment:create_file_with_runtime_dependencies(/home/sachin/rosbot-wifi-heatmap-sim/install/nav2_read_rssi_at_waypoint/share/colcon-core/packages/nav2_read_rssi_at_waypoint)
[5.709s] Level 1:colcon.colcon_core.environment:checking '/home/sachin/rosbot-wifi-heatmap-sim/install/waypoint_publisher_package' for CMake module files
[5.710s] DEBUG:colcon.colcon_core.event_handler.log_command:Invoked command in '/home/sachin/rosbot-wifi-heatmap-sim/src/waypoint_publisher_package' returned '0': DEBUGINFOD_URLS=https://debuginfod.ubuntu.com PS1=(.ros2_venv) \[\e]0;\u@\h: \w\a\]${debian_chroot:+($debian_chroot)}\[\033[01;32m\]\u@\h\[\033[00m\]:\[\033[01;34m\]\w\[\033[00m\]\$ PYTHONPATH=/home/sachin/rosbot-wifi-heatmap-sim/build/waypoint_publisher_package/prefix_override:/usr/lib/python3/dist-packages/colcon_core/task/python/colcon_distutils_commands:/home/sachin/rosbot-wifi-heatmap-sim/install/waypoint_publisher_package/lib/python3.12/site-packages:${PYTHONPATH} VIRTUAL_ENV_PROMPT=(.ros2_venv) /usr/bin/python3 -W ignore:setup.py install is deprecated -W ignore:easy_install command is deprecated setup.py egg_info --egg-base ../../build/waypoint_publisher_package build --build-base /home/sachin/rosbot-wifi-heatmap-sim/build/waypoint_publisher_package/build install --record /home/sachin/rosbot-wifi-heatmap-sim/build/waypoint_publisher_package/install.log --single-version-externally-managed install_data
[5.711s] Level 1:colcon.colcon_core.environment:checking '/home/sachin/rosbot-wifi-heatmap-sim/install/waypoint_publisher_package' for CMake config files
[5.712s] Level 1:colcon.colcon_core.environment:checking '/home/sachin/rosbot-wifi-heatmap-sim/install/waypoint_publisher_package/lib'
[5.712s] Level 1:colcon.colcon_core.environment:checking '/home/sachin/rosbot-wifi-heatmap-sim/install/waypoint_publisher_package/bin'
[5.712s] Level 1:colcon.colcon_core.environment:checking '/home/sachin/rosbot-wifi-heatmap-sim/install/waypoint_publisher_package/lib/pkgconfig/waypoint_publisher_package.pc'
[5.712s] Level 1:colcon.colcon_core.environment:checking '/home/sachin/rosbot-wifi-heatmap-sim/install/waypoint_publisher_package/lib/python3.12/site-packages'
[5.713s] Level 1:colcon.colcon_core.shell:create_environment_hook('waypoint_publisher_package', 'pythonpath')
[5.713s] INFO:colcon.colcon_core.shell:Creating environment hook '/home/sachin/rosbot-wifi-heatmap-sim/install/waypoint_publisher_package/share/waypoint_publisher_package/hook/pythonpath.ps1'
[5.714s] INFO:colcon.colcon_core.shell:Creating environment descriptor '/home/sachin/rosbot-wifi-heatmap-sim/install/waypoint_publisher_package/share/waypoint_publisher_package/hook/pythonpath.dsv'
[5.715s] INFO:colcon.colcon_core.shell:Creating environment hook '/home/sachin/rosbot-wifi-heatmap-sim/install/waypoint_publisher_package/share/waypoint_publisher_package/hook/pythonpath.sh'
[5.717s] Level 1:colcon.colcon_core.environment:checking '/home/sachin/rosbot-wifi-heatmap-sim/install/waypoint_publisher_package/bin'
[5.717s] Level 1:colcon.colcon_core.environment:create_environment_scripts_only(waypoint_publisher_package)
[5.718s] INFO:colcon.colcon_core.shell:Creating package script '/home/sachin/rosbot-wifi-heatmap-sim/install/waypoint_publisher_package/share/waypoint_publisher_package/package.ps1'
[5.720s] INFO:colcon.colcon_core.shell:Creating package descriptor '/home/sachin/rosbot-wifi-heatmap-sim/install/waypoint_publisher_package/share/waypoint_publisher_package/package.dsv'
[5.721s] INFO:colcon.colcon_core.shell:Creating package script '/home/sachin/rosbot-wifi-heatmap-sim/install/waypoint_publisher_package/share/waypoint_publisher_package/package.sh'
[5.722s] INFO:colcon.colcon_core.shell:Creating package script '/home/sachin/rosbot-wifi-heatmap-sim/install/waypoint_publisher_package/share/waypoint_publisher_package/package.bash'
[5.722s] INFO:colcon.colcon_core.shell:Creating package script '/home/sachin/rosbot-wifi-heatmap-sim/install/waypoint_publisher_package/share/waypoint_publisher_package/package.zsh'
[5.723s] Level 1:colcon.colcon_core.environment:create_file_with_runtime_dependencies(/home/sachin/rosbot-wifi-heatmap-sim/install/waypoint_publisher_package/share/colcon-core/packages/waypoint_publisher_package)
[7.143s] DEBUG:colcon.colcon_core.event_handler.log_command:Invoking command in '/home/sachin/rosbot-wifi-heatmap-sim/src/rssi_heatmap_generator_package': CMAKE_PREFIX_PATH=/home/sachin/rosbot-wifi-heatmap-sim/install/rosbot_interfaces:/home/sachin/rosbot-wifi-heatmap-sim/install/mappers_bringup:/home/sachin/rosbot-wifi-heatmap-sim/install/nav2_read_rssi_at_waypoint:/opt/ros/jazzy/opt/gz_sim_vendor:/opt/ros/jazzy/opt/gz_sensors_vendor:/opt/ros/jazzy/opt/gz_physics_vendor:/opt/ros/jazzy/opt/sdformat_vendor:/opt/ros/jazzy/opt/gz_gui_vendor:/opt/ros/jazzy/opt/gz_transport_vendor:/opt/ros/jazzy/opt/gz_rendering_vendor:/opt/ros/jazzy/opt/gz_plugin_vendor:/opt/ros/jazzy/opt/gz_fuel_tools_vendor:/opt/ros/jazzy/opt/gz_msgs_vendor:/opt/ros/jazzy/opt/gz_common_vendor:/opt/ros/jazzy/opt/gz_math_vendor:/opt/ros/jazzy/opt/gz_utils_vendor:/opt/ros/jazzy/opt/gz_tools_vendor:/opt/ros/jazzy/opt/gz_ogre_next_vendor:/opt/ros/jazzy/opt/gz_dartsim_vendor:/opt/ros/jazzy/opt/gz_cmake_vendor DEBUGINFOD_URLS=https://debuginfod.ubuntu.com LD_LIBRARY_PATH=/home/sachin/rosbot-wifi-heatmap-sim/install/rosbot_interfaces/lib:/home/sachin/rosbot-wifi-heatmap-sim/install/nav2_read_rssi_at_waypoint/lib:/opt/ros/jazzy/opt/gz_sim_vendor/lib:/opt/ros/jazzy/opt/gz_sensors_vendor/lib:/opt/ros/jazzy/opt/gz_physics_vendor/lib:/opt/ros/jazzy/opt/sdformat_vendor/lib:/opt/ros/jazzy/opt/rviz_ogre_vendor/lib:/opt/ros/jazzy/lib/x86_64-linux-gnu:/opt/ros/jazzy/opt/gz_gui_vendor/lib:/opt/ros/jazzy/opt/gz_transport_vendor/lib:/opt/ros/jazzy/opt/gz_rendering_vendor/lib:/opt/ros/jazzy/opt/gz_plugin_vendor/lib:/opt/ros/jazzy/opt/gz_fuel_tools_vendor/lib:/opt/ros/jazzy/opt/gz_msgs_vendor/lib:/opt/ros/jazzy/opt/gz_common_vendor/lib:/opt/ros/jazzy/opt/gz_math_vendor/lib:/opt/ros/jazzy/opt/gz_utils_vendor/lib:/opt/ros/jazzy/opt/gz_tools_vendor/lib:/opt/ros/jazzy/opt/gz_ogre_next_vendor/lib:/opt/ros/jazzy/opt/gz_dartsim_vendor/lib:/opt/ros/jazzy/opt/gz_cmake_vendor/lib:/opt/ros/jazzy/lib PS1=(.ros2_venv) \[\e]0;\u@\h: \w\a\]${debian_chroot:+($debian_chroot)}\[\033[01;32m\]\u@\h\[\033[00m\]:\[\033[01;34m\]\w\[\033[00m\]\$ PYTHONPATH=/home/sachin/rosbot-wifi-heatmap-sim/build/rssi_heatmap_generator_package/prefix_override:/usr/lib/python3/dist-packages/colcon_core/task/python/colcon_distutils_commands:/home/sachin/rosbot-wifi-heatmap-sim/install/rssi_heatmap_generator_package/lib/python3.12/site-packages:/home/sachin/rosbot-wifi-heatmap-sim/install/rosbot_interfaces/lib/python3.12/site-packages:/home/sachin/rosbot-wifi-heatmap-sim/install/waypoint_publisher_package/lib/python3.12/site-packages:/home/sachin/rosbot-wifi-heatmap-sim/install/rssi_heatmap_generator_package/lib/python3.12/site-packages:/opt/ros/jazzy/lib/python3.12/site-packages VIRTUAL_ENV_PROMPT=(.ros2_venv) /usr/bin/python3 -W ignore:setup.py install is deprecated -W ignore:easy_install command is deprecated setup.py egg_info --egg-base ../../build/rssi_heatmap_generator_package build --build-base /home/sachin/rosbot-wifi-heatmap-sim/build/rssi_heatmap_generator_package/build install --record /home/sachin/rosbot-wifi-heatmap-sim/build/rssi_heatmap_generator_package/install.log --single-version-externally-managed install_data
[8.823s] Level 1:colcon.colcon_core.environment:checking '/home/sachin/rosbot-wifi-heatmap-sim/install/rssi_heatmap_generator_package' for CMake module files
[8.824s] DEBUG:colcon.colcon_core.event_handler.log_command:Invoked command in '/home/sachin/rosbot-wifi-heatmap-sim/src/rssi_heatmap_generator_package' returned '0': CMAKE_PREFIX_PATH=/home/sachin/rosbot-wifi-heatmap-sim/install/rosbot_interfaces:/home/sachin/rosbot-wifi-heatmap-sim/install/mappers_bringup:/home/sachin/rosbot-wifi-heatmap-sim/install/nav2_read_rssi_at_waypoint:/opt/ros/jazzy/opt/gz_sim_vendor:/opt/ros/jazzy/opt/gz_sensors_vendor:/opt/ros/jazzy/opt/gz_physics_vendor:/opt/ros/jazzy/opt/sdformat_vendor:/opt/ros/jazzy/opt/gz_gui_vendor:/opt/ros/jazzy/opt/gz_transport_vendor:/opt/ros/jazzy/opt/gz_rendering_vendor:/opt/ros/jazzy/opt/gz_plugin_vendor:/opt/ros/jazzy/opt/gz_fuel_tools_vendor:/opt/ros/jazzy/opt/gz_msgs_vendor:/opt/ros/jazzy/opt/gz_common_vendor:/opt/ros/jazzy/opt/gz_math_vendor:/opt/ros/jazzy/opt/gz_utils_vendor:/opt/ros/jazzy/opt/gz_tools_vendor:/opt/ros/jazzy/opt/gz_ogre_next_vendor:/opt/ros/jazzy/opt/gz_dartsim_vendor:/opt/ros/jazzy/opt/gz_cmake_vendor DEBUGINFOD_URLS=https://debuginfod.ubuntu.com LD_LIBRARY_PATH=/home/sachin/rosbot-wifi-heatmap-sim/install/rosbot_interfaces/lib:/home/sachin/rosbot-wifi-heatmap-sim/install/nav2_read_rssi_at_waypoint/lib:/opt/ros/jazzy/opt/gz_sim_vendor/lib:/opt/ros/jazzy/opt/gz_sensors_vendor/lib:/opt/ros/jazzy/opt/gz_physics_vendor/lib:/opt/ros/jazzy/opt/sdformat_vendor/lib:/opt/ros/jazzy/opt/rviz_ogre_vendor/lib:/opt/ros/jazzy/lib/x86_64-linux-gnu:/opt/ros/jazzy/opt/gz_gui_vendor/lib:/opt/ros/jazzy/opt/gz_transport_vendor/lib:/opt/ros/jazzy/opt/gz_rendering_vendor/lib:/opt/ros/jazzy/opt/gz_plugin_vendor/lib:/opt/ros/jazzy/opt/gz_fuel_tools_vendor/lib:/opt/ros/jazzy/opt/gz_msgs_vendor/lib:/opt/ros/jazzy/opt/gz_common_vendor/lib:/opt/ros/jazzy/opt/gz_math_vendor/lib:/opt/ros/jazzy/opt/gz_utils_vendor/lib:/opt/ros/jazzy/opt/gz_tools_vendor/lib:/opt/ros/jazzy/opt/gz_ogre_next_vendor/lib:/opt/ros/jazzy/opt/gz_dartsim_vendor/lib:/opt/ros/jazzy/opt/gz_cmake_vendor/lib:/opt/ros/jazzy/lib PS1=(.ros2_venv) \[\e]0;\u@\h: \w\a\]${debian_chroot:+($debian_chroot)}\[\033[01;32m\]\u@\h\[\033[00m\]:\[\033[01;34m\]\w\[\033[00m\]\$ PYTHONPATH=/home/sachin/rosbot-wifi-heatmap-sim/build/rssi_heatmap_generator_package/prefix_override:/usr/lib/python3/dist-packages/colcon_core/task/python/colcon_distutils_commands:/home/sachin/rosbot-wifi-heatmap-sim/install/rssi_heatmap_generator_package/lib/python3.12/site-packages:/home/sachin/rosbot-wifi-heatmap-sim/install/rosbot_interfaces/lib/python3.12/site-packages:/home/sachin/rosbot-wifi-heatmap-sim/install/waypoint_publisher_package/lib/python3.12/site-packages:/home/sachin/rosbot-wifi-heatmap-sim/install/rssi_heatmap_generator_package/lib/python3.12/site-packages:/opt/ros/jazzy/lib/python3.12/site-packages VIRTUAL_ENV_PROMPT=(.ros2_venv) /usr/bin/python3 -W ignore:setup.py install is deprecated -W ignore:easy_install command is deprecated setup.py egg_info --egg-base ../../build/rssi_heatmap_generator_package build --build-base /home/sachin/rosbot-wifi-heatmap-sim/build/rssi_heatmap_generator_package/build install --record /home/sachin/rosbot-wifi-heatmap-sim/build/rssi_heatmap_generator_package/install.log --single-version-externally-managed install_data
[8.825s] Level 1:colcon.colcon_core.environment:checking '/home/sachin/rosbot-wifi-heatmap-sim/install/rssi_heatmap_generator_package' for CMake config files
[8.827s] Level 1:colcon.colcon_core.environment:checking '/home/sachin/rosbot-wifi-heatmap-sim/install/rssi_heatmap_generator_package/lib'
[8.828s] Level 1:colcon.colcon_core.environment:checking '/home/sachin/rosbot-wifi-heatmap-sim/install/rssi_heatmap_generator_package/bin'
[8.828s] Level 1:colcon.colcon_core.environment:checking '/home/sachin/rosbot-wifi-heatmap-sim/install/rssi_heatmap_generator_package/lib/pkgconfig/rssi_heatmap_generator_package.pc'
[8.829s] Level 1:colcon.colcon_core.environment:checking '/home/sachin/rosbot-wifi-heatmap-sim/install/rssi_heatmap_generator_package/lib/python3.12/site-packages'
[8.829s] Level 1:colcon.colcon_core.shell:create_environment_hook('rssi_heatmap_generator_package', 'pythonpath')
[8.830s] INFO:colcon.colcon_core.shell:Creating environment hook '/home/sachin/rosbot-wifi-heatmap-sim/install/rssi_heatmap_generator_package/share/rssi_heatmap_generator_package/hook/pythonpath.ps1'
[8.832s] INFO:colcon.colcon_core.shell:Creating environment descriptor '/home/sachin/rosbot-wifi-heatmap-sim/install/rssi_heatmap_generator_package/share/rssi_heatmap_generator_package/hook/pythonpath.dsv'
[8.834s] INFO:colcon.colcon_core.shell:Creating environment hook '/home/sachin/rosbot-wifi-heatmap-sim/install/rssi_heatmap_generator_package/share/rssi_heatmap_generator_package/hook/pythonpath.sh'
[8.839s] Level 1:colcon.colcon_core.environment:checking '/home/sachin/rosbot-wifi-heatmap-sim/install/rssi_heatmap_generator_package/bin'
[8.839s] Level 1:colcon.colcon_core.environment:create_environment_scripts_only(rssi_heatmap_generator_package)
[8.840s] INFO:colcon.colcon_core.shell:Creating package script '/home/sachin/rosbot-wifi-heatmap-sim/install/rssi_heatmap_generator_package/share/rssi_heatmap_generator_package/package.ps1'
[8.843s] INFO:colcon.colcon_core.shell:Creating package descriptor '/home/sachin/rosbot-wifi-heatmap-sim/install/rssi_heatmap_generator_package/share/rssi_heatmap_generator_package/package.dsv'
[8.845s] INFO:colcon.colcon_core.shell:Creating package script '/home/sachin/rosbot-wifi-heatmap-sim/install/rssi_heatmap_generator_package/share/rssi_heatmap_generator_package/package.sh'
[8.847s] INFO:colcon.colcon_core.shell:Creating package script '/home/sachin/rosbot-wifi-heatmap-sim/install/rssi_heatmap_generator_package/share/rssi_heatmap_generator_package/package.bash'
[8.849s] INFO:colcon.colcon_core.shell:Creating package script '/home/sachin/rosbot-wifi-heatmap-sim/install/rssi_heatmap_generator_package/share/rssi_heatmap_generator_package/package.zsh'
[8.851s] Level 1:colcon.colcon_core.environment:create_file_with_runtime_dependencies(/home/sachin/rosbot-wifi-heatmap-sim/install/rssi_heatmap_generator_package/share/colcon-core/packages/rssi_heatmap_generator_package)
[8.853s] INFO:colcon.colcon_ros.task.ament_cmake.build:Building ROS package in '/home/sachin/rosbot-wifi-heatmap-sim/src/mappers_bringup' with build type 'ament_cmake'
[8.854s] INFO:colcon.colcon_cmake.task.cmake.build:Building CMake package in '/home/sachin/rosbot-wifi-heatmap-sim/src/mappers_bringup'
[8.858s] INFO:colcon.colcon_core.shell:Skip shell extension 'powershell' for command environment: Not usable outside of PowerShell
[8.858s] DEBUG:colcon.colcon_core.shell:Skip shell extension 'dsv' for command environment
[8.910s] DEBUG:colcon.colcon_core.event_handler.log_command:Invoking command in '/home/sachin/rosbot-wifi-heatmap-sim/build/mappers_bringup': AMENT_PREFIX_PATH=/home/sachin/rosbot-wifi-heatmap-sim/install/rssi_heatmap_generator_package:/home/sachin/rosbot-wifi-heatmap-sim/install/waypoint_publisher_package:/home/sachin/rosbot-wifi-heatmap-sim/install/mappers_bringup:/home/sachin/rosbot-wifi-heatmap-sim/install/nav2_read_rssi_at_waypoint:/home/sachin/rosbot-wifi-heatmap-sim/install/rosbot_interfaces:/opt/ros/jazzy CMAKE_PREFIX_PATH=/home/sachin/rosbot-wifi-heatmap-sim/install/nav2_read_rssi_at_waypoint:/home/sachin/rosbot-wifi-heatmap-sim/install/rosbot_interfaces:/home/sachin/rosbot-wifi-heatmap-sim/install/mappers_bringup:/opt/ros/jazzy/opt/gz_sim_vendor:/opt/ros/jazzy/opt/gz_sensors_vendor:/opt/ros/jazzy/opt/gz_physics_vendor:/opt/ros/jazzy/opt/sdformat_vendor:/opt/ros/jazzy/opt/gz_gui_vendor:/opt/ros/jazzy/opt/gz_transport_vendor:/opt/ros/jazzy/opt/gz_rendering_vendor:/opt/ros/jazzy/opt/gz_plugin_vendor:/opt/ros/jazzy/opt/gz_fuel_tools_vendor:/opt/ros/jazzy/opt/gz_msgs_vendor:/opt/ros/jazzy/opt/gz_common_vendor:/opt/ros/jazzy/opt/gz_math_vendor:/opt/ros/jazzy/opt/gz_utils_vendor:/opt/ros/jazzy/opt/gz_tools_vendor:/opt/ros/jazzy/opt/gz_ogre_next_vendor:/opt/ros/jazzy/opt/gz_dartsim_vendor:/opt/ros/jazzy/opt/gz_cmake_vendor:/home/sachin/rosbot-wifi-heatmap-sim/install/waypoint_publisher_package:/home/sachin/rosbot-wifi-heatmap-sim/install/rssi_heatmap_generator_package:/opt/ros/jazzy DEBUGINFOD_URLS=https://debuginfod.ubuntu.com PS1=(.ros2_venv) \[\e]0;\u@\h: \w\a\]${debian_chroot:+($debian_chroot)}\[\033[01;32m\]\u@\h\[\033[00m\]:\[\033[01;34m\]\w\[\033[00m\]\$ PYTHONPATH=/home/sachin/rosbot-wifi-heatmap-sim/install/rssi_heatmap_generator_package/lib/python3.12/site-packages:/home/sachin/rosbot-wifi-heatmap-sim/install/waypoint_publisher_package/lib/python3.12/site-packages:/home/sachin/rosbot-wifi-heatmap-sim/install/rosbot_interfaces/lib/python3.12/site-packages:/opt/ros/jazzy/lib/python3.12/site-packages VIRTUAL_ENV_PROMPT=(.ros2_venv) /usr/bin/cmake --build /home/sachin/rosbot-wifi-heatmap-sim/build/mappers_bringup -- -j12 -l12
[9.067s] DEBUG:colcon.colcon_core.event_handler.log_command:Invoked command in '/home/sachin/rosbot-wifi-heatmap-sim/build/mappers_bringup' returned '0': AMENT_PREFIX_PATH=/home/sachin/rosbot-wifi-heatmap-sim/install/rssi_heatmap_generator_package:/home/sachin/rosbot-wifi-heatmap-sim/install/waypoint_publisher_package:/home/sachin/rosbot-wifi-heatmap-sim/install/mappers_bringup:/home/sachin/rosbot-wifi-heatmap-sim/install/nav2_read_rssi_at_waypoint:/home/sachin/rosbot-wifi-heatmap-sim/install/rosbot_interfaces:/opt/ros/jazzy CMAKE_PREFIX_PATH=/home/sachin/rosbot-wifi-heatmap-sim/install/nav2_read_rssi_at_waypoint:/home/sachin/rosbot-wifi-heatmap-sim/install/rosbot_interfaces:/home/sachin/rosbot-wifi-heatmap-sim/install/mappers_bringup:/opt/ros/jazzy/opt/gz_sim_vendor:/opt/ros/jazzy/opt/gz_sensors_vendor:/opt/ros/jazzy/opt/gz_physics_vendor:/opt/ros/jazzy/opt/sdformat_vendor:/opt/ros/jazzy/opt/gz_gui_vendor:/opt/ros/jazzy/opt/gz_transport_vendor:/opt/ros/jazzy/opt/gz_rendering_vendor:/opt/ros/jazzy/opt/gz_plugin_vendor:/opt/ros/jazzy/opt/gz_fuel_tools_vendor:/opt/ros/jazzy/opt/gz_msgs_vendor:/opt/ros/jazzy/opt/gz_common_vendor:/opt/ros/jazzy/opt/gz_math_vendor:/opt/ros/jazzy/opt/gz_utils_vendor:/opt/ros/jazzy/opt/gz_tools_vendor:/opt/ros/jazzy/opt/gz_ogre_next_vendor:/opt/ros/jazzy/opt/gz_dartsim_vendor:/opt/ros/jazzy/opt/gz_cmake_vendor:/home/sachin/rosbot-wifi-heatmap-sim/install/waypoint_publisher_package:/home/sachin/rosbot-wifi-heatmap-sim/install/rssi_heatmap_generator_package:/opt/ros/jazzy DEBUGINFOD_URLS=https://debuginfod.ubuntu.com PS1=(.ros2_venv) \[\e]0;\u@\h: \w\a\]${debian_chroot:+($debian_chroot)}\[\033[01;32m\]\u@\h\[\033[00m\]:\[\033[01;34m\]\w\[\033[00m\]\$ PYTHONPATH=/home/sachin/rosbot-wifi-heatmap-sim/install/rssi_heatmap_generator_package/lib/python3.12/site-packages:/home/sachin/rosbot-wifi-heatmap-sim/install/waypoint_publisher_package/lib/python3.12/site-packages:/home/sachin/rosbot-wifi-heatmap-sim/install/rosbot_interfaces/lib/python3.12/site-packages:/opt/ros/jazzy/lib/python3.12/site-packages VIRTUAL_ENV_PROMPT=(.ros2_venv) /usr/bin/cmake --build /home/sachin/rosbot-wifi-heatmap-sim/build/mappers_bringup -- -j12 -l12
[9.070s] DEBUG:colcon.colcon_core.event_handler.log_command:Invoking command in '/home/sachin/rosbot-wifi-heatmap-sim/build/mappers_bringup': AMENT_PREFIX_PATH=/home/sachin/rosbot-wifi-heatmap-sim/install/rssi_heatmap_generator_package:/home/sachin/rosbot-wifi-heatmap-sim/install/waypoint_publisher_package:/home/sachin/rosbot-wifi-heatmap-sim/install/mappers_bringup:/home/sachin/rosbot-wifi-heatmap-sim/install/nav2_read_rssi_at_waypoint:/home/sachin/rosbot-wifi-heatmap-sim/install/rosbot_interfaces:/opt/ros/jazzy CMAKE_PREFIX_PATH=/home/sachin/rosbot-wifi-heatmap-sim/install/nav2_read_rssi_at_waypoint:/home/sachin/rosbot-wifi-heatmap-sim/install/rosbot_interfaces:/home/sachin/rosbot-wifi-heatmap-sim/install/mappers_bringup:/opt/ros/jazzy/opt/gz_sim_vendor:/opt/ros/jazzy/opt/gz_sensors_vendor:/opt/ros/jazzy/opt/gz_physics_vendor:/opt/ros/jazzy/opt/sdformat_vendor:/opt/ros/jazzy/opt/gz_gui_vendor:/opt/ros/jazzy/opt/gz_transport_vendor:/opt/ros/jazzy/opt/gz_rendering_vendor:/opt/ros/jazzy/opt/gz_plugin_vendor:/opt/ros/jazzy/opt/gz_fuel_tools_vendor:/opt/ros/jazzy/opt/gz_msgs_vendor:/opt/ros/jazzy/opt/gz_common_vendor:/opt/ros/jazzy/opt/gz_math_vendor:/opt/ros/jazzy/opt/gz_utils_vendor:/opt/ros/jazzy/opt/gz_tools_vendor:/opt/ros/jazzy/opt/gz_ogre_next_vendor:/opt/ros/jazzy/opt/gz_dartsim_vendor:/opt/ros/jazzy/opt/gz_cmake_vendor:/home/sachin/rosbot-wifi-heatmap-sim/install/waypoint_publisher_package:/home/sachin/rosbot-wifi-heatmap-sim/install/rssi_heatmap_generator_package:/opt/ros/jazzy DEBUGINFOD_URLS=https://debuginfod.ubuntu.com PS1=(.ros2_venv) \[\e]0;\u@\h: \w\a\]${debian_chroot:+($debian_chroot)}\[\033[01;32m\]\u@\h\[\033[00m\]:\[\033[01;34m\]\w\[\033[00m\]\$ PYTHONPATH=/home/sachin/rosbot-wifi-heatmap-sim/install/rssi_heatmap_generator_package/lib/python3.12/site-packages:/home/sachin/rosbot-wifi-heatmap-sim/install/waypoint_publisher_package/lib/python3.12/site-packages:/home/sachin/rosbot-wifi-heatmap-sim/install/rosbot_interfaces/lib/python3.12/site-packages:/opt/ros/jazzy/lib/python3.12/site-packages VIRTUAL_ENV_PROMPT=(.ros2_venv) /usr/bin/cmake --install /home/sachin/rosbot-wifi-heatmap-sim/build/mappers_bringup
[9.111s] Level 1:colcon.colcon_core.environment:create_environment_scripts_only(mappers_bringup)
[9.112s] Level 1:colcon.colcon_core.environment:checking '/home/sachin/rosbot-wifi-heatmap-sim/install/mappers_bringup' for CMake module files
[9.115s] DEBUG:colcon.colcon_core.event_handler.log_command:Invoked command in '/home/sachin/rosbot-wifi-heatmap-sim/build/mappers_bringup' returned '0': AMENT_PREFIX_PATH=/home/sachin/rosbot-wifi-heatmap-sim/install/rssi_heatmap_generator_package:/home/sachin/rosbot-wifi-heatmap-sim/install/waypoint_publisher_package:/home/sachin/rosbot-wifi-heatmap-sim/install/mappers_bringup:/home/sachin/rosbot-wifi-heatmap-sim/install/nav2_read_rssi_at_waypoint:/home/sachin/rosbot-wifi-heatmap-sim/install/rosbot_interfaces:/opt/ros/jazzy CMAKE_PREFIX_PATH=/home/sachin/rosbot-wifi-heatmap-sim/install/nav2_read_rssi_at_waypoint:/home/sachin/rosbot-wifi-heatmap-sim/install/rosbot_interfaces:/home/sachin/rosbot-wifi-heatmap-sim/install/mappers_bringup:/opt/ros/jazzy/opt/gz_sim_vendor:/opt/ros/jazzy/opt/gz_sensors_vendor:/opt/ros/jazzy/opt/gz_physics_vendor:/opt/ros/jazzy/opt/sdformat_vendor:/opt/ros/jazzy/opt/gz_gui_vendor:/opt/ros/jazzy/opt/gz_transport_vendor:/opt/ros/jazzy/opt/gz_rendering_vendor:/opt/ros/jazzy/opt/gz_plugin_vendor:/opt/ros/jazzy/opt/gz_fuel_tools_vendor:/opt/ros/jazzy/opt/gz_msgs_vendor:/opt/ros/jazzy/opt/gz_common_vendor:/opt/ros/jazzy/opt/gz_math_vendor:/opt/ros/jazzy/opt/gz_utils_vendor:/opt/ros/jazzy/opt/gz_tools_vendor:/opt/ros/jazzy/opt/gz_ogre_next_vendor:/opt/ros/jazzy/opt/gz_dartsim_vendor:/opt/ros/jazzy/opt/gz_cmake_vendor:/home/sachin/rosbot-wifi-heatmap-sim/install/waypoint_publisher_package:/home/sachin/rosbot-wifi-heatmap-sim/install/rssi_heatmap_generator_package:/opt/ros/jazzy DEBUGINFOD_URLS=https://debuginfod.ubuntu.com PS1=(.ros2_venv) \[\e]0;\u@\h: \w\a\]${debian_chroot:+($debian_chroot)}\[\033[01;32m\]\u@\h\[\033[00m\]:\[\033[01;34m\]\w\[\033[00m\]\$ PYTHONPATH=/home/sachin/rosbot-wifi-heatmap-sim/install/rssi_heatmap_generator_package/lib/python3.12/site-packages:/home/sachin/rosbot-wifi-heatmap-sim/install/waypoint_publisher_package/lib/python3.12/site-packages:/home/sachin/rosbot-wifi-heatmap-sim/install/rosbot_interfaces/lib/python3.12/site-packages:/opt/ros/jazzy/lib/python3.12/site-packages VIRTUAL_ENV_PROMPT=(.ros2_venv) /usr/bin/cmake --install /home/sachin/rosbot-wifi-heatmap-sim/build/mappers_bringup
[9.116s] Level 1:colcon.colcon_core.environment:checking '/home/sachin/rosbot-wifi-heatmap-sim/install/mappers_bringup' for CMake config files
[9.117s] Level 1:colcon.colcon_core.shell:create_environment_hook('mappers_bringup', 'cmake_prefix_path')
[9.118s] INFO:colcon.colcon_core.shell:Creating environment hook '/home/sachin/rosbot-wifi-heatmap-sim/install/mappers_bringup/share/mappers_bringup/hook/cmake_prefix_path.ps1'
[9.120s] INFO:colcon.colcon_core.shell:Creating environment descriptor '/home/sachin/rosbot-wifi-heatmap-sim/install/mappers_bringup/share/mappers_bringup/hook/cmake_prefix_path.dsv'
[9.121s] INFO:colcon.colcon_core.shell:Creating environment hook '/home/sachin/rosbot-wifi-heatmap-sim/install/mappers_bringup/share/mappers_bringup/hook/cmake_prefix_path.sh'
[9.123s] Level 1:colcon.colcon_core.environment:checking '/home/sachin/rosbot-wifi-heatmap-sim/install/mappers_bringup/bin'
[9.123s] Level 1:colcon.colcon_core.environment:checking '/home/sachin/rosbot-wifi-heatmap-sim/install/mappers_bringup/lib/pkgconfig/mappers_bringup.pc'
[9.124s] Level 1:colcon.colcon_core.environment:checking '/home/sachin/rosbot-wifi-heatmap-sim/install/mappers_bringup/lib/python3.12/site-packages'
[9.125s] Level 1:colcon.colcon_core.environment:checking '/home/sachin/rosbot-wifi-heatmap-sim/install/mappers_bringup/bin'
[9.125s] INFO:colcon.colcon_core.shell:Creating package script '/home/sachin/rosbot-wifi-heatmap-sim/install/mappers_bringup/share/mappers_bringup/package.ps1'
[9.127s] INFO:colcon.colcon_core.shell:Creating package descriptor '/home/sachin/rosbot-wifi-heatmap-sim/install/mappers_bringup/share/mappers_bringup/package.dsv'
[9.130s] INFO:colcon.colcon_core.shell:Creating package script '/home/sachin/rosbot-wifi-heatmap-sim/install/mappers_bringup/share/mappers_bringup/package.sh'
[9.132s] INFO:colcon.colcon_core.shell:Creating package script '/home/sachin/rosbot-wifi-heatmap-sim/install/mappers_bringup/share/mappers_bringup/package.bash'
[9.133s] INFO:colcon.colcon_core.shell:Creating package script '/home/sachin/rosbot-wifi-heatmap-sim/install/mappers_bringup/share/mappers_bringup/package.zsh'
[9.135s] Level 1:colcon.colcon_core.environment:create_file_with_runtime_dependencies(/home/sachin/rosbot-wifi-heatmap-sim/install/mappers_bringup/share/colcon-core/packages/mappers_bringup)
[9.137s] Level 1:colcon.colcon_core.environment:create_environment_scripts_only(mappers_bringup)
[9.138s] Level 1:colcon.colcon_core.environment:checking '/home/sachin/rosbot-wifi-heatmap-sim/install/mappers_bringup' for CMake module files
[9.140s] Level 1:colcon.colcon_core.environment:checking '/home/sachin/rosbot-wifi-heatmap-sim/install/mappers_bringup' for CMake config files
[9.141s] Level 1:colcon.colcon_core.shell:create_environment_hook('mappers_bringup', 'cmake_prefix_path')
[9.142s] INFO:colcon.colcon_core.shell:Creating environment hook '/home/sachin/rosbot-wifi-heatmap-sim/install/mappers_bringup/share/mappers_bringup/hook/cmake_prefix_path.ps1'
[9.144s] INFO:colcon.colcon_core.shell:Creating environment descriptor '/home/sachin/rosbot-wifi-heatmap-sim/install/mappers_bringup/share/mappers_bringup/hook/cmake_prefix_path.dsv'
[9.146s] INFO:colcon.colcon_core.shell:Creating environment hook '/home/sachin/rosbot-wifi-heatmap-sim/install/mappers_bringup/share/mappers_bringup/hook/cmake_prefix_path.sh'
[9.149s] Level 1:colcon.colcon_core.environment:checking '/home/sachin/rosbot-wifi-heatmap-sim/install/mappers_bringup/bin'
[9.149s] Level 1:colcon.colcon_core.environment:checking '/home/sachin/rosbot-wifi-heatmap-sim/install/mappers_bringup/lib/pkgconfig/mappers_bringup.pc'
[9.150s] Level 1:colcon.colcon_core.environment:checking '/home/sachin/rosbot-wifi-heatmap-sim/install/mappers_bringup/lib/python3.12/site-packages'
[9.151s] Level 1:colcon.colcon_core.environment:checking '/home/sachin/rosbot-wifi-heatmap-sim/install/mappers_bringup/bin'
[9.152s] INFO:colcon.colcon_core.shell:Creating package script '/home/sachin/rosbot-wifi-heatmap-sim/install/mappers_bringup/share/mappers_bringup/package.ps1'
[9.155s] INFO:colcon.colcon_core.shell:Creating package descriptor '/home/sachin/rosbot-wifi-heatmap-sim/install/mappers_bringup/share/mappers_bringup/package.dsv'
[9.158s] INFO:colcon.colcon_core.shell:Creating package script '/home/sachin/rosbot-wifi-heatmap-sim/install/mappers_bringup/share/mappers_bringup/package.sh'
[9.159s] INFO:colcon.colcon_core.shell:Creating package script '/home/sachin/rosbot-wifi-heatmap-sim/install/mappers_bringup/share/mappers_bringup/package.bash'
[9.164s] INFO:colcon.colcon_core.shell:Creating package script '/home/sachin/rosbot-wifi-heatmap-sim/install/mappers_bringup/share/mappers_bringup/package.zsh'
[9.166s] Level 1:colcon.colcon_core.environment:create_file_with_runtime_dependencies(/home/sachin/rosbot-wifi-heatmap-sim/install/mappers_bringup/share/colcon-core/packages/mappers_bringup)
[9.167s] DEBUG:colcon.colcon_parallel_executor.executor.parallel:closing loop
[9.168s] DEBUG:colcon.colcon_parallel_executor.executor.parallel:loop closed
[9.168s] DEBUG:colcon.colcon_parallel_executor.executor.parallel:run_until_complete finished with '0'
[9.169s] DEBUG:colcon.colcon_core.event_reactor:joining thread
[9.190s] INFO:colcon.colcon_core.plugin_system:Skipping extension 'colcon_notification.desktop_notification.terminal_notifier': Not used on non-Darwin systems
[9.190s] INFO:colcon.colcon_core.plugin_system:Skipping extension 'colcon_notification.desktop_notification.win32': Not used on non-Windows systems
[9.191s] INFO:colcon.colcon_notification.desktop_notification:Sending desktop notification using 'notify2'
[9.267s] DEBUG:colcon.colcon_core.event_reactor:joined thread
[9.268s] INFO:colcon.colcon_core.shell:Creating prefix script '/home/sachin/rosbot-wifi-heatmap-sim/install/local_setup.ps1'
[9.272s] INFO:colcon.colcon_core.shell:Creating prefix util module '/home/sachin/rosbot-wifi-heatmap-sim/install/_local_setup_util_ps1.py'
[9.276s] INFO:colcon.colcon_core.shell:Creating prefix chain script '/home/sachin/rosbot-wifi-heatmap-sim/install/setup.ps1'
[9.282s] INFO:colcon.colcon_core.shell:Creating prefix script '/home/sachin/rosbot-wifi-heatmap-sim/install/local_setup.sh'
[9.285s] INFO:colcon.colcon_core.shell:Creating prefix util module '/home/sachin/rosbot-wifi-heatmap-sim/install/_local_setup_util_sh.py'
[9.286s] INFO:colcon.colcon_core.shell:Creating prefix chain script '/home/sachin/rosbot-wifi-heatmap-sim/install/setup.sh'
[9.289s] INFO:colcon.colcon_core.shell:Creating prefix script '/home/sachin/rosbot-wifi-heatmap-sim/install/local_setup.bash'
[9.290s] INFO:colcon.colcon_core.shell:Creating prefix chain script '/home/sachin/rosbot-wifi-heatmap-sim/install/setup.bash'
[9.292s] INFO:colcon.colcon_core.shell:Creating prefix script '/home/sachin/rosbot-wifi-heatmap-sim/install/local_setup.zsh'
[9.293s] INFO:colcon.colcon_core.shell:Creating prefix chain script '/home/sachin/rosbot-wifi-heatmap-sim/install/setup.zsh'
